HermiT reasoned 1 file(s) in 0.7s | 2 asserted + 9 inferred = 11 materialized ABox facts

== summary ==
   asserted rdf:type      : 0
   asserted object facts  : 2
   asserted literal facts : 0
   inferred rdf:type      : 7
   inferred object facts  : 2
   inferred literal facts : 0
   HermiT export added    : 4
   property closure added : 1
   type closure added     : 4
   top predicates:
      - hasChild                 1
      - hasParent                1
      - hasCreator               1
      - hasDirector              1
   most connected subjects:
      - La_Estancia_de_gaucho_Cruz   5
      - Leopoldo_Torres_Rios         3
      - Leopoldo_Torre_Nilsson       3
