HermiT reasoned 1 file(s) in 0.4s | 10 asserted + 6 inferred = 16 materialized ABox facts

== summary ==
   asserted rdf:type      : 4
   asserted object facts  : 2
   asserted literal facts : 4
   inferred rdf:type      : 6
   inferred object facts  : 0
   inferred literal facts : 0
   HermiT export added    : 6
   property closure added : 0
   type closure added     : 0
   top predicates:
      - hasBirthDate             2
      - hasProducer              2
      - hasDeathDate             2
   most connected subjects:
      - film_a_soldiers_oath         4
      - person_nat_cohen             4
      - film_the_criminal            4
      - person_william_fox           4
