HermiT reasoned 1 file(s) in 0.4s | 4 asserted + 9 inferred = 13 materialized ABox facts

== summary ==
   asserted rdf:type      : 0
   asserted object facts  : 2
   asserted literal facts : 2
   inferred rdf:type      : 9
   inferred object facts  : 0
   inferred literal facts : 0
   HermiT export added    : 5
   property closure added : 0
   type closure added     : 4
   top predicates:
      - hasDeathDate             2
      - hasProducer              2
   most connected subjects:
      - Nat_Cohen                    3
      - A_Soldier_s_Oath             3
      - William_Fox_producer         3
      - The_Criminal_1960_film       3
      - William_Fox                  1
