HermiT reasoned 1 file(s) in 0.6s | 7 asserted + 7 inferred = 14 materialized ABox facts

== summary ==
   asserted rdf:type      : 4
   asserted object facts  : 3
   asserted literal facts : 0
   inferred rdf:type      : 5
   inferred object facts  : 2
   inferred literal facts : 0
   HermiT export added    : 5
   property closure added : 2
   type closure added     : 0
   top predicates:
      - hasCountry               2
      - hasNationality           2
      - hasCreator               1
   most connected subjects:
      - alex_p                       6
      - replay_song                  4
      - sweden                       2
      - greece                       2
