HermiT reasoned 1 file(s) in 0.7s | 9 asserted + 2 inferred = 11 materialized ABox facts

== summary ==
   asserted rdf:type      : 5
   asserted object facts  : 3
   asserted literal facts : 1
   inferred rdf:type      : 2
   inferred object facts  : 0
   inferred literal facts : 0
   HermiT export added    : 2
   property closure added : 0
   type closure added     : 0
   top predicates:
      - hasOccupation            3
      - hasBirthDate             1
   most connected subjects:
      - dawn_fraser                  5
      - dunois_master                3
      - occupation_illuminator       1
      - occupation_politician        1
      - occupation_swimmer           1
