HermiT reasoned 1 file(s) in 0.6s | 5 asserted + 7 inferred = 12 materialized ABox facts

== summary ==
   asserted rdf:type      : 3
   asserted object facts  : 2
   asserted literal facts : 0
   inferred rdf:type      : 3
   inferred object facts  : 4
   inferred literal facts : 0
   HermiT export added    : 7
   property closure added : 0
   type closure added     : 0
   top predicates:
      - hasParent                2
      - hasChild                 2
      - hasFather                1
      - hasMother                1
   most connected subjects:
      - esme_stewart_1st_duke_of_lennox 5
      - esme_stewart_3rd_duke_of_lennox 4
      - anne_de_la_queuille          3
