HermiT reasoned 1 file(s) in 0.6s | 2 asserted + 10 inferred = 12 materialized ABox facts

== summary ==
   asserted rdf:type      : 0
   asserted object facts  : 2
   asserted literal facts : 0
   inferred rdf:type      : 6
   inferred object facts  : 4
   inferred literal facts : 0
   HermiT export added    : 7
   property closure added : 0
   type closure added     : 3
   top predicates:
      - hasChild                 2
      - hasParent                2
      - hasMother                1
      - hasFather                1
   most connected subjects:
      - Princess_Marie_Melita_of_Hohenlohe_Langenburg 5
      - Princess_Marie_Alexandra_of_Schleswig_Holstein 4
      - Ernst_II_Prince_of_Hohenlohe_Langenburg 3
