HermiT reasoned 1 file(s) in 0.5s | 5 asserted + 8 inferred = 13 materialized ABox facts

== summary ==
   asserted rdf:type      : 3
   asserted object facts  : 2
   asserted literal facts : 0
   inferred rdf:type      : 3
   inferred object facts  : 5
   inferred literal facts : 0
   HermiT export added    : 6
   property closure added : 2
   type closure added     : 0
   top predicates:
      - hasSibling               2
      - hasParent                1
      - hasSister                1
      - hasMother                1
      - hasChild                 1
      - isSisterOf               1
   most connected subjects:
      - peter_ii_of_russia           6
      - natalya_alexeyevna_1714      4
      - charlotte_christine_brunswick_luneburg 3
