HermiT reasoned 1 file(s) in 0.8s | 7 asserted + 6 inferred = 13 materialized ABox facts

== summary ==
   asserted rdf:type      : 3
   asserted object facts  : 2
   asserted literal facts : 2
   inferred rdf:type      : 4
   inferred object facts  : 2
   inferred literal facts : 0
   HermiT export added    : 5
   property closure added : 1
   type closure added     : 0
   top predicates:
      - hasSpouse                2
      - hasDeathDate             1
      - hasCreator               1
      - hasBirthDate             1
      - hasDirector              1
   most connected subjects:
      - _person_fernando_cortes      5
      - _film_my_three_merry_widows  5
      - _person_maria_del_pilar_cordero 3
