HermiT reasoned 1 file(s) in 0.7s | 5 asserted + 19 inferred = 24 materialized ABox facts

== summary ==
   asserted rdf:type      : 0
   asserted object facts  : 5
   asserted literal facts : 0
   inferred rdf:type      : 14
   inferred object facts  : 5
   inferred literal facts : 0
   HermiT export added    : 6
   property closure added : 5
   type closure added     : 8
   top predicates:
      - hasCitizenship           3
      - hasCountry               3
      - hasDirector              2
      - hasCreator               2
   most connected subjects:
      - Barbet_Schroeder             6
      - Single_White_Female          5
      - A_Heart_in_Winter            5
      - Claude_Sautet                4
      - French                       2
      - Swiss                        2
