HermiT reasoned 1 file(s) in 0.7s | 5 asserted + 6 inferred = 11 materialized ABox facts

== summary ==
   asserted rdf:type      : 3
   asserted object facts  : 2
   asserted literal facts : 0
   inferred rdf:type      : 4
   inferred object facts  : 2
   inferred literal facts : 0
   HermiT export added    : 5
   property closure added : 1
   type closure added     : 0
   top predicates:
      - hasParent                1
      - hasChild                 1
      - hasDirector              1
      - hasCreator               1
   most connected subjects:
      - film_back_home_1990          5
      - person_daisy_haggard         3
      - person_piers_haggard         3
