HermiT reasoned 1 file(s) in 0.7s | 2 asserted + 7 inferred = 9 materialized ABox facts

== summary ==
   asserted rdf:type      : 0
   asserted object facts  : 2
   asserted literal facts : 0
   inferred rdf:type      : 5
   inferred object facts  : 2
   inferred literal facts : 0
   HermiT export added    : 5
   property closure added : 0
   type closure added     : 2
   top predicates:
      - hasChild                 1
      - hasDeathPlace            1
      - hasFather                1
      - hasParent                1
   most connected subjects:
      - Ze_ev_Jabotinsky             4
      - Eri_Jabotinsky               4
      - Hunter                       1
