HermiT reasoned 1 file(s) in 0.6s | 5 asserted + 6 inferred = 11 materialized ABox facts

== summary ==
   asserted rdf:type      : 3
   asserted object facts  : 2
   asserted literal facts : 0
   inferred rdf:type      : 4
   inferred object facts  : 2
   inferred literal facts : 0
   HermiT export added    : 6
   property closure added : 0
   type closure added     : 0
   top predicates:
      - hasFather                1
      - hasEducatedAt            1
      - hasParent                1
      - hasChild                 1
   most connected subjects:
      - lionel_giles                 4
      - herbert_giles                4
      - charterhouse_school          3
