HermiT reasoned 1 file(s) in 0.6s | 5 asserted + 7 inferred = 12 materialized ABox facts

== summary ==
   asserted rdf:type      : 3
   asserted object facts  : 2
   asserted literal facts : 0
   inferred rdf:type      : 3
   inferred object facts  : 4
   inferred literal facts : 0
   HermiT export added    : 5
   property closure added : 2
   type closure added     : 0
   top predicates:
      - hasSpouse                2
      - hasSon                   1
      - isSonOf                  1
      - hasParent                1
      - hasChild                 1
   most connected subjects:
      - lee_kun_hee                  5
      - lee_byung_chul               4
      - hong_ra_hee                  3
