HermiT reasoned 1 file(s) in 0.6s | 5 asserted + 9 inferred = 14 materialized ABox facts

== summary ==
   asserted rdf:type      : 3
   asserted object facts  : 2
   asserted literal facts : 0
   inferred rdf:type      : 3
   inferred object facts  : 6
   inferred literal facts : 0
   HermiT export added    : 5
   property closure added : 4
   type closure added     : 0
   top predicates:
      - hasSibling               2
      - hasParent                1
      - hasBrother               1
      - isBrotherOf              1
      - hasChild                 1
      - isSonOf                  1
      - hasSon                   1
   most connected subjects:
      - olaf_guthfrithson            6
      - blacaire_mac_gofraid         4
      - gofraid_ua_imir              4
