HermiT reasoned 1 file(s) in 0.4s | 4 asserted + 18 inferred = 22 materialized ABox facts

== summary ==
   asserted rdf:type      : 0
   asserted object facts  : 4
   asserted literal facts : 0
   inferred rdf:type      : 14
   inferred object facts  : 4
   inferred literal facts : 0
   HermiT export added    : 6
   property closure added : 4
   type closure added     : 8
   top predicates:
      - hasCitizenship           2
      - hasCountry               2
      - hasDirector              2
      - hasCreator               2
   most connected subjects:
      - Winter_Meeting               5
      - Year_of_the_Horse            5
      - Jim_Jarmusch                 4
      - Bretaigne_Windust            4
      - French                       2
      - American                     2
