HermiT reasoned 1 file(s) in 0.8s | 2 asserted + 7 inferred = 9 materialized ABox facts

== summary ==
   asserted rdf:type      : 0
   asserted object facts  : 2
   asserted literal facts : 0
   inferred rdf:type      : 5
   inferred object facts  : 2
   inferred literal facts : 0
   HermiT export added    : 5
   property closure added : 0
   type closure added     : 2
   top predicates:
      - hasFather                1
      - hasCauseOfDeath          1
      - hasChild                 1
      - hasParent                1
   most connected subjects:
      - Zoia_Ceaușescu               4
      - Nicolae_Ceaușescu            4
      - firing_squad                 1
