HermiT reasoned 1 file(s) in 0.7s | 2 asserted + 8 inferred = 10 materialized ABox facts

== summary ==
   asserted rdf:type      : 0
   asserted object facts  : 2
   asserted literal facts : 0
   inferred rdf:type      : 6
   inferred object facts  : 2
   inferred literal facts : 0
   HermiT export added    : 3
   property closure added : 2
   type closure added     : 3
   top predicates:
      - hasCountry               1
      - hasCitizenship           1
      - hasCreator               1
      - hasPerformer             1
   most connected subjects:
      - Bonnie_Tyler                 4
      - I_Believe_in_Your_Sweet_Love 4
      - United_Kingdom               2
