HermiT reasoned 1 file(s) in 0.7s | 8 asserted + 8 inferred = 16 materialized ABox facts

== summary ==
   asserted rdf:type      : 4
   asserted object facts  : 2
   asserted literal facts : 2
   inferred rdf:type      : 6
   inferred object facts  : 2
   inferred literal facts : 0
   HermiT export added    : 6
   property closure added : 2
   type closure added     : 0
   top predicates:
      - hasDirector              2
      - hasDeathDate             2
      - hasCreator               2
   most connected subjects:
      - film_tex_and_the_lord_of_the_deep 5
      - film_henry_goes_arizona      5
      - person_edwin_l_marin         3
      - person_duccio_tessari        3
