HermiT reasoned 1 file(s) in 0.7s | 4 asserted + 12 inferred = 16 materialized ABox facts

== summary ==
   asserted rdf:type      : 0
   asserted object facts  : 2
   asserted literal facts : 2
   inferred rdf:type      : 10
   inferred object facts  : 2
   inferred literal facts : 0
   HermiT export added    : 4
   property closure added : 2
   type closure added     : 6
   top predicates:
      - hasDirector              2
      - hasCreator               2
      - hasDeathDate             2
   most connected subjects:
      - Henry_Goes_Arizona           5
      - Tex_and_the_Lord_of_the_Deep 5
      - Edwin_L_Marin                3
      - Duccio_Tessari               3
