HermiT reasoned 1 file(s) in 0.7s | 7 asserted + 8 inferred = 15 materialized ABox facts

== summary ==
   asserted rdf:type      : 3
   asserted object facts  : 2
   asserted literal facts : 2
   inferred rdf:type      : 4
   inferred object facts  : 4
   inferred literal facts : 0
   HermiT export added    : 5
   property closure added : 3
   type closure added     : 0
   top predicates:
      - hasBirthDate             1
      - hasDaughter              1
      - isDaughterOf             1
      - hasParent                1
      - hasChild                 1
      - hasCreator               1
      - hasDeathDate             1
      - hasComposer              1
   most connected subjects:
      - person_eduard_kunke          6
      - film_the_cousin_from_nowhere_1953 5
      - person_evelyn_kunke          4
