HermiT reasoned 1 file(s) in 0.7s | 7 asserted + 5 inferred = 12 materialized ABox facts

== summary ==
   asserted rdf:type      : 2
   asserted object facts  : 1
   asserted literal facts : 4
   inferred rdf:type      : 2
   inferred object facts  : 3
   inferred literal facts : 0
   HermiT export added    : 3
   property closure added : 2
   type closure added     : 0
   top predicates:
      - hasBirthDate             2
      - hasDeathDate             2
      - hasChild                 1
      - hasSon                   1
      - hasParent                1
      - isSonOf                  1
   most connected subjects:
      - augustus_ii_the_strong       6
      - maurice_de_saxe              6
