HermiT reasoned 1 file(s) in 0.6s | 5 asserted + 7 inferred = 12 materialized ABox facts

== summary ==
   asserted rdf:type      : 3
   asserted object facts  : 2
   asserted literal facts : 0
   inferred rdf:type      : 4
   inferred object facts  : 3
   inferred literal facts : 0
   HermiT export added    : 6
   property closure added : 1
   type closure added     : 0
   top predicates:
      - hasDirector              1
      - hasParent                1
      - hasChild                 1
      - hasCreator               1
      - hasMother                1
   most connected subjects:
      - film_dalida_2017             5
      - person_lisa_azuelos          4
      - person_marie_laforet         3
