HermiT reasoned 1 file(s) in 0.7s | 5 asserted + 5 inferred = 10 materialized ABox facts

== summary ==
   asserted rdf:type      : 3
   asserted object facts  : 2
   asserted literal facts : 0
   inferred rdf:type      : 3
   inferred object facts  : 2
   inferred literal facts : 0
   HermiT export added    : 5
   property closure added : 0
   type closure added     : 0
   top predicates:
      - hasBirthPlace            1
      - hasParent                1
      - hasFather                1
      - hasChild                 1
   most connected subjects:
      - luis_de_la_cerda             4
      - isabel_de_la_cerda           4
      - france                       2
