HermiT reasoned 1 file(s) in 0.5s | 7 asserted + 4 inferred = 11 materialized ABox facts

== summary ==
   asserted rdf:type      : 3
   asserted object facts  : 1
   asserted literal facts : 3
   inferred rdf:type      : 4
   inferred object facts  : 0
   inferred literal facts : 0
   HermiT export added    : 4
   property closure added : 0
   type closure added     : 0
   top predicates:
      - hasDeathDate             1
      - hasBirthDate             1
      - hasBirthPlace            1
      - hasPublicationDate       1
   most connected subjects:
      - Q697834                      5
      - Q232190                      4
      - Q220                         2
