HermiT reasoned 1 file(s) in 0.4s | 7 asserted + 3 inferred = 10 materialized ABox facts

== summary ==
   asserted rdf:type      : 4
   asserted object facts  : 3
   asserted literal facts : 0
   inferred rdf:type      : 3
   inferred object facts  : 0
   inferred literal facts : 0
   HermiT export added    : 3
   property closure added : 0
   type closure added     : 0
   top predicates:
      - hasBirthPlace            1
      - hasMember                1
      - hasCountry               1
   most connected subjects:
      - pre_band                     3
      - akiko_matsuura               3
      - japan                        2
      - osaka                        2
