HermiT reasoned 1 file(s) in 0.4s | 14 asserted + 10 inferred = 24 materialized ABox facts

== summary ==
   asserted rdf:type      : 6
   asserted object facts  : 2
   asserted literal facts : 6
   inferred rdf:type      : 8
   inferred object facts  : 2
   inferred literal facts : 0
   HermiT export added    : 8
   property closure added : 2
   type closure added     : 0
   top predicates:
      - hasCitizenship           2
      - hasPublicationDate       2
      - hasCountry               2
      - hasDeathDate             2
      - hasBirthDate             2
   most connected subjects:
      - Q773242                      6
      - Q97799                       6
      - Q2707484                     4
      - Q387784                      4
      - Q183                         2
      - Q30                          2
