HermiT reasoned 1 file(s) in 0.3s | 10 asserted + 10 inferred = 20 materialized ABox facts

== summary ==
   asserted rdf:type      : 6
   asserted object facts  : 4
   asserted literal facts : 0
   inferred rdf:type      : 6
   inferred object facts  : 4
   inferred literal facts : 0
   HermiT export added    : 0
   property closure added : 4
   type closure added     : 6
   top predicates:
      - hasDirector              2
      - hasCitizenship           2
      - hasCountry               2
      - hasCreator               2
   most connected subjects:
      - Q387784                      4
      - Q773242                      4
      - Q2707484                     4
      - Q97799                       4
      - Q183                         2
      - Q30                          2
