HermiT reasoned 1 file(s) in 0.6s | 5 asserted + 4 inferred = 9 materialized ABox facts

== summary ==
   asserted rdf:type      : 3
   asserted object facts  : 2
   asserted literal facts : 0
   inferred rdf:type      : 2
   inferred object facts  : 2
   inferred literal facts : 0
   HermiT export added    : 4
   property closure added : 0
   type closure added     : 0
   top predicates:
      - hasFather                1
      - hasParent                1
      - hasDeathPlace            1
      - hasChild                 1
   most connected subjects:
      - alfonso_xi_of_castile        4
      - ferdinand_iv_of_castile      4
      - jaen                         1
