HermiT reasoned 1 file(s) in 0.6s | 5 asserted + 4 inferred = 9 materialized ABox facts

== summary ==
   asserted rdf:type      : 3
   asserted object facts  : 2
   asserted literal facts : 0
   inferred rdf:type      : 2
   inferred object facts  : 2
   inferred literal facts : 0
   HermiT export added    : 4
   property closure added : 0
   type closure added     : 0
   top predicates:
      - hasChild                 1
      - hasBurialPlace           1
      - hasFather                1
      - hasParent                1
   most connected subjects:
      - esme_stewart_3rd_duke_of_lennox 4
      - lord_bernard_stewart         4
      - westminster_abbey            1
