HermiT reasoned 1 file(s) in 0.7s | 5 asserted + 5 inferred = 10 materialized ABox facts

== summary ==
   asserted rdf:type      : 3
   asserted object facts  : 2
   asserted literal facts : 0
   inferred rdf:type      : 3
   inferred object facts  : 2
   inferred literal facts : 0
   HermiT export added    : 5
   property closure added : 0
   type closure added     : 0
   top predicates:
      - hasFather                1
      - hasChild                 1
      - hasEmployer              1
      - hasParent                1
   most connected subjects:
      - bob_graham                   4
      - gwen_graham                  4
      - bob_graham_center            2
