HermiT reasoned 1 file(s) in 0.7s | 2 asserted + 8 inferred = 10 materialized ABox facts

== summary ==
   asserted rdf:type      : 0
   asserted object facts  : 2
   asserted literal facts : 0
   inferred rdf:type      : 6
   inferred object facts  : 2
   inferred literal facts : 0
   HermiT export added    : 5
   property closure added : 0
   type closure added     : 3
   top predicates:
      - hasEmployer              1
      - hasChild                 1
      - hasFather                1
      - hasParent                1
   most connected subjects:
      - Bob_Graham                   4
      - Gwendolyn_Graham             4
      - Harvard                      2
