HermiT reasoned 1 file(s) in 0.7s | 5 asserted + 6 inferred = 11 materialized ABox facts

== summary ==
   asserted rdf:type      : 3
   asserted object facts  : 2
   asserted literal facts : 0
   inferred rdf:type      : 3
   inferred object facts  : 3
   inferred literal facts : 0
   HermiT export added    : 5
   property closure added : 1
   type closure added     : 0
   top predicates:
      - hasChild                 1
      - hasCountry               1
      - hasParent                1
      - hasMother                1
      - hasNationality           1
   most connected subjects:
      - constance_of_penthi%C3%A8vre 5
      - alan_iv_viscount_of_rohan    4
      - france                       2
