HermiT reasoned 1 file(s) in 0.7s | 2 asserted + 9 inferred = 11 materialized ABox facts

== summary ==
   asserted rdf:type      : 0
   asserted object facts  : 2
   asserted literal facts : 0
   inferred rdf:type      : 6
   inferred object facts  : 3
   inferred literal facts : 0
   HermiT export added    : 5
   property closure added : 1
   type closure added     : 3
   top predicates:
      - hasCitizenship           1
      - hasMother                1
      - hasCountry               1
      - hasChild                 1
      - hasParent                1
   most connected subjects:
      - Bonne_of_Berry               5
      - Felix_V                      4
      - France                       2
