HermiT reasoned 1 file(s) in 0.7s | 5 asserted + 5 inferred = 10 materialized ABox facts

== summary ==
   asserted rdf:type      : 3
   asserted object facts  : 2
   asserted literal facts : 0
   inferred rdf:type      : 2
   inferred object facts  : 3
   inferred literal facts : 0
   HermiT export added    : 3
   property closure added : 2
   type closure added     : 0
   top predicates:
      - hasParent                1
      - hasSon                   1
      - hasChild                 1
      - hasBurialPlace           1
      - isSonOf                  1
   most connected subjects:
      - augustus_ii_strong           5
      - maurice_de_saxe_1696         4
      - wawel_cathedral              1
