HermiT reasoned 1 file(s) in 0.6s | 10 asserted + 12 inferred = 22 materialized ABox facts

== summary ==
   asserted rdf:type      : 6
   asserted object facts  : 4
   asserted literal facts : 0
   inferred rdf:type      : 8
   inferred object facts  : 4
   inferred literal facts : 0
   HermiT export added    : 8
   property closure added : 4
   type closure added     : 0
   top predicates:
      - hasCountry               2
      - hasNationality           2
      - hasDirector              2
      - hasCreator               2
   most connected subjects:
      - film_ill_get_by              5
      - film_golden_lotus            5
      - person_richard_sale          4
      - person_clara_law             4
      - country_hong_kong            2
      - country_united_states        2
