HermiT reasoned 1 file(s) in 0.6s | 4 asserted + 20 inferred = 24 materialized ABox facts

== summary ==
   asserted rdf:type      : 0
   asserted object facts  : 4
   asserted literal facts : 0
   inferred rdf:type      : 16
   inferred object facts  : 4
   inferred literal facts : 0
   HermiT export added    : 7
   property closure added : 4
   type closure added     : 9
   top predicates:
      - hasCitizenship           2
      - hasCountry               2
      - hasDirector              2
      - hasCreator               2
   most connected subjects:
      - The_Reincarnation_of_Golden_Lotus 5
      - I_ll_Get_By_film             5
      - Clara_Law                    4
      - Richard_Sale_director        4
      - Australia                    2
      - Richard_Sale                 2
      - American                     2
