HermiT reasoned 1 file(s) in 0.7s | 2 asserted + 8 inferred = 10 materialized ABox facts

== summary ==
   asserted rdf:type      : 0
   asserted object facts  : 2
   asserted literal facts : 0
   inferred rdf:type      : 6
   inferred object facts  : 2
   inferred literal facts : 0
   HermiT export added    : 4
   property closure added : 1
   type closure added     : 3
   top predicates:
      - hasParent                1
      - hasCreator               1
      - hasPerformer             1
      - hasChild                 1
   most connected subjects:
      - Ajax_Olé_Olé_Olé             4
      - Willeke_Alberti              3
      - Willy_Alberti                3
