HermiT reasoned 1 file(s) in 0.6s | 5 asserted + 7 inferred = 12 materialized ABox facts

== summary ==
   asserted rdf:type      : 3
   asserted object facts  : 2
   asserted literal facts : 0
   inferred rdf:type      : 3
   inferred object facts  : 4
   inferred literal facts : 0
   HermiT export added    : 5
   property closure added : 2
   type closure added     : 0
   top predicates:
      - hasSibling               2
      - hasSpouse                2
      - hasBrother               1
      - isBrotherOf              1
   most connected subjects:
      - karl_borromaus_of_liechtenstein 5
      - franz_joseph_i_of_liechtenstein 4
      - eleonore_of_liechtenstein    3
