HermiT reasoned 1 file(s) in 0.6s | 2 asserted + 8 inferred = 10 materialized ABox facts

== summary ==
   asserted rdf:type      : 0
   asserted object facts  : 2
   asserted literal facts : 0
   inferred rdf:type      : 6
   inferred object facts  : 2
   inferred literal facts : 0
   HermiT export added    : 5
   property closure added : 0
   type closure added     : 3
   top predicates:
      - hasChild                 1
      - hasParent                1
      - hasFather                1
      - hasEmployer              1
   most connected subjects:
      - George_Charles_Wallich       4
      - Nathaniel_Wallich            4
      - Calcutta_Botanical_Garden    2
