HermiT reasoned 1 file(s) in 0.7s | 4 asserted + 14 inferred = 18 materialized ABox facts

== summary ==
   asserted rdf:type      : 0
   asserted object facts  : 2
   asserted literal facts : 2
   inferred rdf:type      : 12
   inferred object facts  : 2
   inferred literal facts : 0
   HermiT export added    : 5
   property closure added : 2
   type closure added     : 7
   top predicates:
      - hasDirector              2
      - hasDeathDate             2
      - hasCreator               2
   most connected subjects:
      - The_Witch_s_Curse            5
      - Calling_Philo_Vance          5
      - William_Clemens_film_director 3
      - Riccardo_Freda               3
      - William_Clemens              2
