HermiT reasoned 1 file(s) in 0.8s | 9 asserted + 5 inferred = 14 materialized ABox facts

== summary ==
   asserted rdf:type      : 3
   asserted object facts  : 2
   asserted literal facts : 4
   inferred rdf:type      : 2
   inferred object facts  : 3
   inferred literal facts : 0
   HermiT export added    : 3
   property closure added : 2
   type closure added     : 0
   top predicates:
      - hasBirthDate             2
      - hasDeathDate             2
      - hasSon                   1
      - hasParent                1
      - hasChild                 1
      - hasDeathPlace            1
      - isSonOf                  1
   most connected subjects:
      - ang_nan_1654                 7
      - ang_em_1674                  6
      - srey_santhor                 1
