HermiT reasoned 1 file(s) in 0.7s | 10 asserted + 8 inferred = 18 materialized ABox facts

== summary ==
   asserted rdf:type      : 4
   asserted object facts  : 2
   asserted literal facts : 4
   inferred rdf:type      : 6
   inferred object facts  : 2
   inferred literal facts : 0
   HermiT export added    : 6
   property closure added : 2
   type closure added     : 0
   top predicates:
      - hasDirector              2
      - hasCreator               2
      - hasDeathDate             2
      - hasBirthDate             2
   most connected subjects:
      - a_gathering_of_eagles        5
      - september_affair             5
      - delbert_mann                 4
      - william_dieterle             4
