HermiT reasoned 1 file(s) in 0.7s | 9 asserted + 10 inferred = 19 materialized ABox facts

== summary ==
   asserted rdf:type      : 5
   asserted object facts  : 4
   asserted literal facts : 0
   inferred rdf:type      : 9
   inferred object facts  : 1
   inferred literal facts : 0
   HermiT export added    : 9
   property closure added : 1
   type closure added     : 0
   top predicates:
      - hasEducatedAt            3
      - hasDirector              1
      - hasCreator               1
   most connected subjects:
      - person_gillies_mackinnon     5
      - film_the_escapist_2002       5
      - edu_glasgow_school_of_art    3
      - edu_middlesex_polytechnic    3
      - edu_national_film_and_television_school 3
