HermiT reasoned 1 file(s) in 0.7s | 4 asserted + 16 inferred = 20 materialized ABox facts

== summary ==
   asserted rdf:type      : 0
   asserted object facts  : 2
   asserted literal facts : 2
   inferred rdf:type      : 14
   inferred object facts  : 2
   inferred literal facts : 0
   HermiT export added    : 6
   property closure added : 2
   type closure added     : 8
   top predicates:
      - hasCreator               2
      - hasDirector              2
      - hasDeathDate             2
   most connected subjects:
      - Karthika_film                5
      - Everything_s_Ducky           5
      - Don_Taylor_American_actor_and_director 3
      - M_Krishnan_Nair_director     3
      - M_Krishnan_Nair              2
      - Don_Taylor                   2
