HermiT reasoned 1 file(s) in 0.7s | 7 asserted + 12 inferred = 19 materialized ABox facts

== summary ==
   asserted rdf:type      : 4
   asserted object facts  : 3
   asserted literal facts : 0
   inferred rdf:type      : 4
   inferred object facts  : 8
   inferred literal facts : 0
   HermiT export added    : 8
   property closure added : 4
   type closure added     : 0
   top predicates:
      - hasSibling               4
      - isBrotherOf              2
      - hasBrother               2
      - hasParent                1
      - hasChild                 1
      - hasFather                1
   most connected subjects:
      - tlacaelel                    7
      - tlilpotoncatzin              4
      - moctezuma_i                  4
      - chimalpopoca                 4
