HermiT reasoned 1 file(s) in 0.7s | 9 asserted + 4 inferred = 13 materialized ABox facts

== summary ==
   asserted rdf:type      : 4
   asserted object facts  : 3
   asserted literal facts : 2
   inferred rdf:type      : 3
   inferred object facts  : 1
   inferred literal facts : 0
   HermiT export added    : 3
   property closure added : 1
   type closure added     : 0
   top predicates:
      - hasAwardReceived         2
      - hasBirthDate             1
      - hasCreator               1
      - hasComposer              1
      - hasDeathDate             1
   most connected subjects:
      - andjeko_klobucar             6
      - black_birds_film             5
      - porin_lifetime_award         1
      - vladimir_nazor_award         1
