HermiT reasoned 1 file(s) in 0.7s | 4 asserted + 18 inferred = 22 materialized ABox facts

== summary ==
   asserted rdf:type      : 0
   asserted object facts  : 4
   asserted literal facts : 0
   inferred rdf:type      : 14
   inferred object facts  : 4
   inferred literal facts : 0
   HermiT export added    : 6
   property closure added : 4
   type closure added     : 8
   top predicates:
      - hasCitizenship           2
      - hasCountry               2
      - hasDirector              2
      - hasCreator               2
   most connected subjects:
      - The_Ides_of_March_2011_film  5
      - Killer_s_Romance             5
      - George_Clooney               4
      - Phillip_Ko                   4
      - China                        2
      - American                     2
