HermiT reasoned 1 file(s) in 0.4s | 2 asserted + 8 inferred = 10 materialized ABox facts

== summary ==
   asserted rdf:type      : 0
   asserted object facts  : 2
   asserted literal facts : 0
   inferred rdf:type      : 7
   inferred object facts  : 1
   inferred literal facts : 0
   HermiT export added    : 4
   property closure added : 1
   type closure added     : 3
   top predicates:
      - hasCountry               1
      - hasFounder               1
      - hasCitizenship           1
   most connected subjects:
      - George_W_Bush                4
      - Arbusto_Energy               3
      - American                     2
      - President_George_W_Bush      1
