HermiT reasoned 1 file(s) in 0.6s | 5 asserted + 5 inferred = 10 materialized ABox facts

== summary ==
   asserted rdf:type      : 3
   asserted object facts  : 2
   asserted literal facts : 0
   inferred rdf:type      : 3
   inferred object facts  : 2
   inferred literal facts : 0
   HermiT export added    : 5
   property closure added : 0
   type closure added     : 0
   top predicates:
      - hasParent                1
      - hasChild                 1
      - hasCountry               1
      - hasFather                1
   most connected subjects:
      - leicester_devereux_6th_viscount_hereford 4
      - walter_devereux_5th_viscount_hereford 4
      - england                      2
