HermiT reasoned 1 file(s) in 0.7s | 10 asserted + 6 inferred = 16 materialized ABox facts

== summary ==
   asserted rdf:type      : 4
   asserted object facts  : 2
   asserted literal facts : 4
   inferred rdf:type      : 6
   inferred object facts  : 0
   inferred literal facts : 0
   HermiT export added    : 6
   property closure added : 0
   type closure added     : 0
   top predicates:
      - hasProducer              2
      - hasDeathDate             2
      - hasBirthDate             2
   most connected subjects:
      - the_flame_barrier_film       4
      - arthur_gardner_person        4
      - louis_b_mayer_person         4
      - the_famous_mrs_fair_film     4
