HermiT reasoned 1 file(s) in 0.7s | 4 asserted + 9 inferred = 13 materialized ABox facts

== summary ==
   asserted rdf:type      : 0
   asserted object facts  : 2
   asserted literal facts : 2
   inferred rdf:type      : 9
   inferred object facts  : 0
   inferred literal facts : 0
   HermiT export added    : 5
   property closure added : 0
   type closure added     : 4
   top predicates:
      - hasDeathDate             2
      - hasProducer              2
   most connected subjects:
      - Arthur_Gardner_producer      3
      - The_Flame_Barrier            3
      - Louis_B_Mayer                3
      - The_Famous_Mrs_Fair          3
      - Arthur_Gardner               1
