HermiT reasoned 1 file(s) in 0.6s | 7 asserted + 7 inferred = 14 materialized ABox facts

== summary ==
   asserted rdf:type      : 3
   asserted object facts  : 2
   asserted literal facts : 2
   inferred rdf:type      : 4
   inferred object facts  : 3
   inferred literal facts : 0
   HermiT export added    : 6
   property closure added : 1
   type closure added     : 0
   top predicates:
      - hasBirthDate             1
      - hasChild                 1
      - hasParent                1
      - hasCreator               1
      - hasDeathDate             1
      - hasMother                1
      - hasDirector              1
   most connected subjects:
      - person_georges_lautner       6
      - film_la_cage_aux_folles_3    5
      - person_renee_saint_cyr       3
