HermiT reasoned 1 file(s) in 0.7s | 2 asserted + 7 inferred = 9 materialized ABox facts

== summary ==
   asserted rdf:type      : 0
   asserted object facts  : 2
   asserted literal facts : 0
   inferred rdf:type      : 5
   inferred object facts  : 2
   inferred literal facts : 0
   HermiT export added    : 5
   property closure added : 0
   type closure added     : 2
   top predicates:
      - hasChild                 1
      - hasParent                1
      - hasDeathPlace            1
      - hasFather                1
   most connected subjects:
      - William_Bentinck_1st_Earl_of_Portland 4
      - Mary_Capel_Countess_of_Essex 4
      - Buckinghamshire              1
