HermiT reasoned 1 file(s) in 0.6s | 5 asserted + 8 inferred = 13 materialized ABox facts

== summary ==
   asserted rdf:type      : 3
   asserted object facts  : 2
   asserted literal facts : 0
   inferred rdf:type      : 4
   inferred object facts  : 4
   inferred literal facts : 0
   HermiT export added    : 5
   property closure added : 3
   type closure added     : 0
   top predicates:
      - hasParent                1
      - hasCreator               1
      - hasDirector              1
      - isSonOf                  1
      - hasChild                 1
      - hasSon                   1
   most connected subjects:
      - kilippattu_film              5
      - raghavan_person              4
      - jishnu_person                4
