HermiT reasoned 1 file(s) in 0.4s | 8 asserted + 10 inferred = 18 materialized ABox facts

== summary ==
   asserted rdf:type      : 5
   asserted object facts  : 3
   asserted literal facts : 0
   inferred rdf:type      : 7
   inferred object facts  : 3
   inferred literal facts : 0
   HermiT export added    : 7
   property closure added : 3
   type closure added     : 0
   top predicates:
      - hasCreator               2
      - hasDirector              2
      - hasCountry               1
      - hasNationality           1
   most connected subjects:
      - film_the_green_god           5
      - film_a_rough_passage         5
      - franklyn_barrett             4
      - australia                    2
      - paul_scardon                 2
