HermiT reasoned 1 file(s) in 0.4s | 4 asserted + 16 inferred = 20 materialized ABox facts

== summary ==
   asserted rdf:type      : 0
   asserted object facts  : 4
   asserted literal facts : 0
   inferred rdf:type      : 12
   inferred object facts  : 4
   inferred literal facts : 0
   HermiT export added    : 5
   property closure added : 4
   type closure added     : 7
   top predicates:
      - hasCitizenship           2
      - hasCountry               2
      - hasDirector              2
      - hasCreator               2
   most connected subjects:
      - The_Green_God_film           5
      - A_Rough_Passage              5
      - Franklyn_Barrett             4
      - Paul_Scardon                 4
      - Australian                   2
