HermiT reasoned 1 file(s) in 0.7s | 5 asserted + 8 inferred = 13 materialized ABox facts

== summary ==
   asserted rdf:type      : 3
   asserted object facts  : 2
   asserted literal facts : 0
   inferred rdf:type      : 3
   inferred object facts  : 5
   inferred literal facts : 0
   HermiT export added    : 6
   property closure added : 2
   type closure added     : 0
   top predicates:
      - hasSibling               2
      - hasFather                1
      - isBrotherOf              1
      - hasChild                 1
      - hasBrother               1
      - hasParent                1
   most connected subjects:
      - thalun                       5
      - minye_kyawswa_ii             4
      - pye_min                      4
