HermiT reasoned 1 file(s) in 0.7s | 11 asserted + 3 inferred = 14 materialized ABox facts

== summary ==
   asserted rdf:type      : 6
   asserted object facts  : 5
   asserted literal facts : 0
   inferred rdf:type      : 2
   inferred object facts  : 1
   inferred literal facts : 0
   HermiT export added    : 2
   property closure added : 1
   type closure added     : 0
   top predicates:
      - hasAwardReceived         4
      - hasCreator               1
      - hasPerformer             1
   most connected subjects:
      - chris_brown                  6
      - fine_by_me_song              4
      - bet_award                    1
      - grammy_award                 1
      - billboard_music_award        1
      - soul_train_award             1
