HermiT reasoned 1 file(s) in 0.7s | 2 asserted + 12 inferred = 14 materialized ABox facts

== summary ==
   asserted rdf:type      : 0
   asserted object facts  : 2
   asserted literal facts : 0
   inferred rdf:type      : 8
   inferred object facts  : 4
   inferred literal facts : 0
   HermiT export added    : 8
   property closure added : 0
   type closure added     : 4
   top predicates:
      - hasChild                 2
      - hasParent                2
      - hasMother                1
      - hasFather                1
   most connected subjects:
      - Thomas_Fermor_1st_Earl_of_Pomfret 4
      - Lady_Charlotte_Finch         4
      - Lady_Sophia_Osborne          3
      - Thomas_Fermor                3
