HermiT reasoned 1 file(s) in 0.7s | 7 asserted + 8 inferred = 15 materialized ABox facts

== summary ==
   asserted rdf:type      : 3
   asserted object facts  : 2
   asserted literal facts : 2
   inferred rdf:type      : 3
   inferred object facts  : 5
   inferred literal facts : 0
   HermiT export added    : 6
   property closure added : 2
   type closure added     : 0
   top predicates:
      - hasDeathDate             2
      - hasSibling               2
      - isBrotherOf              1
      - hasBrother               1
      - hasParent                1
      - hasChild                 1
      - hasFather                1
   most connected subjects:
      - inthasom                     6
      - inthaphom                    5
      - kingkitsarat                 4
