HermiT reasoned 1 file(s) in 0.7s | 2 asserted + 9 inferred = 11 materialized ABox facts

== summary ==
   asserted rdf:type      : 0
   asserted object facts  : 2
   asserted literal facts : 0
   inferred rdf:type      : 7
   inferred object facts  : 2
   inferred literal facts : 0
   HermiT export added    : 3
   property closure added : 2
   type closure added     : 4
   top predicates:
      - hasCitizenship           1
      - hasDirector              1
      - hasCountry               1
      - hasCreator               1
   most connected subjects:
      - World_and_Time_Enough        5
      - Eric_Mueller                 4
      - United_States                2
