HermiT reasoned 1 file(s) in 0.7s | 8 asserted + 8 inferred = 16 materialized ABox facts

== summary ==
   asserted rdf:type      : 4
   asserted object facts  : 2
   asserted literal facts : 2
   inferred rdf:type      : 6
   inferred object facts  : 2
   inferred literal facts : 0
   HermiT export added    : 6
   property closure added : 2
   type closure added     : 0
   top predicates:
      - hasDirector              2
      - hasCreator               2
      - hasDeathDate             1
      - hasBirthDate             1
   most connected subjects:
      - film_company_in_love         5
      - film_punyakoti               5
      - person_max_ophuls            4
      - person_ravi_shankar_v        2
