HermiT reasoned 1 file(s) in 0.8s | 7 asserted + 6 inferred = 13 materialized ABox facts

== summary ==
   asserted rdf:type      : 4
   asserted object facts  : 3
   asserted literal facts : 0
   inferred rdf:type      : 4
   inferred object facts  : 2
   inferred literal facts : 0
   HermiT export added    : 4
   property closure added : 2
   type closure added     : 0
   top predicates:
      - hasCountry               2
      - hasNationality           2
      - hasCreator               1
   most connected subjects:
      - gordon_elliott               6
      - road_tasted                  3
      - australia                    2
      - united_kingdom               2
