HermiT reasoned 1 file(s) in 0.7s | 7 asserted + 7 inferred = 14 materialized ABox facts

== summary ==
   asserted rdf:type      : 4
   asserted object facts  : 3
   asserted literal facts : 0
   inferred rdf:type      : 4
   inferred object facts  : 3
   inferred literal facts : 0
   HermiT export added    : 4
   property closure added : 3
   type closure added     : 0
   top predicates:
      - hasNationality           2
      - hasCountry               2
      - hasPerformer             1
      - hasCreator               1
   most connected subjects:
      - performer_enrique_iglesias   6
      - song_heart_attack            4
      - country_spain                2
      - country_philippines          2
