HermiT reasoned 1 file(s) in 0.7s | 5 asserted + 7 inferred = 12 materialized ABox facts

== summary ==
   asserted rdf:type      : 3
   asserted object facts  : 2
   asserted literal facts : 0
   inferred rdf:type      : 3
   inferred object facts  : 4
   inferred literal facts : 0
   HermiT export added    : 7
   property closure added : 0
   type closure added     : 0
   top predicates:
      - hasChild                 2
      - hasParent                2
      - hasMother                1
      - hasFather                1
   most connected subjects:
      - _walter_iv_brienne           5
      - _john_brienne                4
      - _elvira_of_sicily            3
