HermiT reasoned 1 file(s) in 0.7s | 2 asserted + 12 inferred = 14 materialized ABox facts

== summary ==
   asserted rdf:type      : 0
   asserted object facts  : 2
   asserted literal facts : 0
   inferred rdf:type      : 8
   inferred object facts  : 4
   inferred literal facts : 0
   HermiT export added    : 8
   property closure added : 0
   type closure added     : 4
   top predicates:
      - hasChild                 2
      - hasParent                2
      - hasMother                1
      - hasFather                1
   most connected subjects:
      - Walter_IV_the_Great_of_Brienne 4
      - John_Count_of_Brienne        4
      - Elvira_of_Sicily             3
      - Walter_IV_of_Brienne         3
