HermiT reasoned 1 file(s) in 0.7s | 11 asserted + 6 inferred = 17 materialized ABox facts

== summary ==
   asserted rdf:type      : 4
   asserted object facts  : 2
   asserted literal facts : 5
   inferred rdf:type      : 6
   inferred object facts  : 0
   inferred literal facts : 0
   HermiT export added    : 6
   property closure added : 0
   type closure added     : 0
   top predicates:
      - hasBirthDate             2
      - hasProducer              2
      - hasPublicationDate       2
      - hasDeathDate             1
   most connected subjects:
      - film_dweepa                  5
      - film_kalank                  5
      - person_soundarya             4
      - person_karan_johar           3
