HermiT reasoned 1 file(s) in 0.7s | 4 asserted + 12 inferred = 16 materialized ABox facts

== summary ==
   asserted rdf:type      : 0
   asserted object facts  : 2
   asserted literal facts : 2
   inferred rdf:type      : 10
   inferred object facts  : 2
   inferred literal facts : 0
   HermiT export added    : 4
   property closure added : 2
   type closure added     : 6
   top predicates:
      - hasDeathDate             2
      - hasCreator               2
      - hasDirector              2
   most connected subjects:
      - Vasantha_Sena_1967_film      5
      - The_Crime_Doctor_s_Courage   5
      - B_S_Ranga                    3
      - George_Sherman               3
