HermiT reasoned 1 file(s) in 0.6s | 4 asserted + 9 inferred = 13 materialized ABox facts

== summary ==
   asserted rdf:type      : 0
   asserted object facts  : 2
   asserted literal facts : 2
   inferred rdf:type      : 9
   inferred object facts  : 0
   inferred literal facts : 0
   HermiT export added    : 5
   property closure added : 0
   type closure added     : 4
   top predicates:
      - hasBirthDate             2
      - hasProducer              2
   most connected subjects:
      - Pierce_Brosnan               3
      - John_Hughes_filmmaker        3
      - Butterfly_on_a_Wheel         3
      - Reach_the_Rock               3
      - John_Hughes                  1
