HermiT reasoned 1 file(s) in 0.7s | 2 asserted + 9 inferred = 11 materialized ABox facts

== summary ==
   asserted rdf:type      : 0
   asserted object facts  : 2
   asserted literal facts : 0
   inferred rdf:type      : 6
   inferred object facts  : 3
   inferred literal facts : 0
   HermiT export added    : 6
   property closure added : 0
   type closure added     : 3
   top predicates:
      - hasSpouse                2
      - hasFather                1
      - hasChild                 1
      - hasParent                1
   most connected subjects:
      - Charles_I_Louis_Elector_Palatine 5
      - Charlotte_of_Hesse_Kassel    3
      - Frederick_V                  3
