HermiT reasoned 1 file(s) in 0.6s | 6 asserted + 4 inferred = 10 materialized ABox facts

== summary ==
   asserted rdf:type      : 3
   asserted object facts  : 2
   asserted literal facts : 1
   inferred rdf:type      : 3
   inferred object facts  : 1
   inferred literal facts : 0
   HermiT export added    : 3
   property closure added : 1
   type closure added     : 0
   top predicates:
      - hasPerformer             1
      - hasCreator               1
      - hasBirthDate             1
      - hasBirthPlace            1
   most connected subjects:
      - song_forget_about_the_world  5
      - gabrielle_1969               4
      - hackney_london               1
