HermiT reasoned 1 file(s) in 0.7s | 7 asserted + 8 inferred = 15 materialized ABox facts

== summary ==
   asserted rdf:type      : 4
   asserted object facts  : 3
   asserted literal facts : 0
   inferred rdf:type      : 7
   inferred object facts  : 1
   inferred literal facts : 0
   HermiT export added    : 7
   property closure added : 1
   type closure added     : 0
   top predicates:
      - hasEducatedAt            2
      - hasCreator               1
      - hasDirector              1
   most connected subjects:
      - bunty_aur_babli_film         5
      - shaad_ali_person             4
      - lawrence_school_sanawar_educational_institution 3
      - welham_boys_school_educational_institution 3
