HermiT reasoned 1 file(s) in 0.6s | 5 asserted + 6 inferred = 11 materialized ABox facts

== summary ==
   asserted rdf:type      : 3
   asserted object facts  : 2
   asserted literal facts : 0
   inferred rdf:type      : 3
   inferred object facts  : 3
   inferred literal facts : 0
   HermiT export added    : 6
   property closure added : 0
   type closure added     : 0
   top predicates:
      - hasSpouse                2
      - hasMother                1
      - hasChild                 1
      - hasParent                1
   most connected subjects:
      - king_myeongjong              5
      - queen_insun                  3
      - queen_munjeong               3
