HermiT reasoned 1 file(s) in 0.6s | 2 asserted + 10 inferred = 12 materialized ABox facts

== summary ==
   asserted rdf:type      : 0
   asserted object facts  : 2
   asserted literal facts : 0
   inferred rdf:type      : 6
   inferred object facts  : 4
   inferred literal facts : 0
   HermiT export added    : 7
   property closure added : 0
   type closure added     : 3
   top predicates:
      - hasChild                 2
      - hasParent                2
      - hasFather                1
      - hasMother                1
   most connected subjects:
      - Prince_Jacques_Duke_of_Orléans 5
      - Prince_Foulques_of_Orléans_Duke_of_Aumale 4
      - Princess_Isabelle_of_Orléans_Braganza 3
