HermiT reasoned 1 file(s) in 0.7s | 8 asserted + 8 inferred = 16 materialized ABox facts

== summary ==
   asserted rdf:type      : 4
   asserted object facts  : 2
   asserted literal facts : 2
   inferred rdf:type      : 6
   inferred object facts  : 2
   inferred literal facts : 0
   HermiT export added    : 6
   property closure added : 2
   type closure added     : 0
   top predicates:
      - hasCreator               2
      - hasDirector              2
      - hasBirthDate             2
   most connected subjects:
      - cela_s_appele_l_aurore       5
      - apne_dam_par                 5
      - luis_bunuel                  3
      - arshad_khan                  3
