HermiT reasoned 1 file(s) in 0.6s | 4 asserted + 14 inferred = 18 materialized ABox facts

== summary ==
   asserted rdf:type      : 0
   asserted object facts  : 2
   asserted literal facts : 2
   inferred rdf:type      : 12
   inferred object facts  : 2
   inferred literal facts : 0
   HermiT export added    : 5
   property closure added : 2
   type closure added     : 7
   top predicates:
      - hasDirector              2
      - hasBirthDate             2
      - hasCreator               2
   most connected subjects:
      - Cela_s_appelle_l_aurore      5
      - Apne_Dam_Par                 5
      - Arshad_Khan_cricketer        3
      - Luis_Buñuel                  3
      - Arshad_Khan                  2
