HermiT reasoned 1 file(s) in 0.4s | 6 asserted + 4 inferred = 10 materialized ABox facts

== summary ==
   asserted rdf:type      : 2
   asserted object facts  : 1
   asserted literal facts : 3
   inferred rdf:type      : 3
   inferred object facts  : 1
   inferred literal facts : 0
   HermiT export added    : 3
   property closure added : 1
   type closure added     : 0
   top predicates:
      - hasDeathDate             1
      - hasDirector              1
      - hasBirthDate             1
      - hasPublicationDate       1
      - hasCreator               1
   most connected subjects:
      - Q21869977                    6
      - Q17353699                    4
