HermiT reasoned 1 file(s) in 0.6s | 4 asserted + 12 inferred = 16 materialized ABox facts

== summary ==
   asserted rdf:type      : 0
   asserted object facts  : 2
   asserted literal facts : 2
   inferred rdf:type      : 10
   inferred object facts  : 2
   inferred literal facts : 0
   HermiT export added    : 4
   property closure added : 2
   type closure added     : 6
   top predicates:
      - hasDeathDate             2
      - hasCreator               2
      - hasDirector              2
   most connected subjects:
      - Crime_Against_Joe            5
      - Vagabonderne_på_Bakkegården  5
      - Alice_O_Fredericks           3
      - Lee_Sholem                   3
