HermiT reasoned 1 file(s) in 0.4s | 7 asserted + 6 inferred = 13 materialized ABox facts

== summary ==
   asserted rdf:type      : 4
   asserted object facts  : 3
   asserted literal facts : 0
   inferred rdf:type      : 4
   inferred object facts  : 2
   inferred literal facts : 0
   HermiT export added    : 4
   property closure added : 2
   type closure added     : 0
   top predicates:
      - hasCountry               2
      - hasNationality           2
      - hasMember                1
   most connected subjects:
      - luca_prodan                  6
      - hurlingham_reggae_band       3
      - italy                        2
      - scotland                     2
