HermiT reasoned 1 file(s) in 0.4s | 5 asserted + 4 inferred = 9 materialized ABox facts

== summary ==
   asserted rdf:type      : 3
   asserted object facts  : 2
   asserted literal facts : 0
   inferred rdf:type      : 2
   inferred object facts  : 2
   inferred literal facts : 0
   HermiT export added    : 4
   property closure added : 0
   type closure added     : 0
   top predicates:
      - hasDeathPlace            1
      - hasChild                 1
      - hasMother                1
      - hasParent                1
   most connected subjects:
      - princess_alice_battenberg    4
      - princess_margarita_greece_denmark 4
      - buckingham_palace            1
