HermiT reasoned 1 file(s) in 0.7s | 2 asserted + 9 inferred = 11 materialized ABox facts

== summary ==
   asserted rdf:type      : 0
   asserted object facts  : 2
   asserted literal facts : 0
   inferred rdf:type      : 6
   inferred object facts  : 3
   inferred literal facts : 0
   HermiT export added    : 6
   property closure added : 0
   type closure added     : 3
   top predicates:
      - hasSpouse                2
      - hasChild                 1
      - hasParent                1
      - hasMother                1
   most connected subjects:
      - Pari_Khan_Khanum             5
      - Sultan_Agha_Khanum           3
      - Badi_al_Zaman_Mirza_Safavi   3
