HermiT reasoned 1 file(s) in 0.7s | 2 asserted + 9 inferred = 11 materialized ABox facts

== summary ==
   asserted rdf:type      : 0
   asserted object facts  : 2
   asserted literal facts : 0
   inferred rdf:type      : 6
   inferred object facts  : 3
   inferred literal facts : 0
   HermiT export added    : 6
   property closure added : 0
   type closure added     : 3
   top predicates:
      - hasSibling               2
      - hasChild                 1
      - hasParent                1
      - hasFather                1
   most connected subjects:
      - Sa_ad_ad_Din_II              4
      - Mansur_ad_Din_of_Adal        4
      - Haqq_ad_Din_II               3
