HermiT reasoned 1 file(s) in 0.7s | 2 asserted + 9 inferred = 11 materialized ABox facts

== summary ==
   asserted rdf:type      : 0
   asserted object facts  : 2
   asserted literal facts : 0
   inferred rdf:type      : 6
   inferred object facts  : 3
   inferred literal facts : 0
   HermiT export added    : 6
   property closure added : 0
   type closure added     : 3
   top predicates:
      - hasSibling               2
      - hasParent                1
      - hasFather                1
      - hasChild                 1
   most connected subjects:
      - Gerald_FitzGerald_3rd_Earl_of_Desmond 4
      - James_FitzGerald_6th_Earl_of_Desmond 4
      - Maurice_FitzGerald_2nd_Earl_of_Desmond 3
