HermiT reasoned 1 file(s) in 0.6s | 11 asserted + 13 inferred = 24 materialized ABox facts

== summary ==
   asserted rdf:type      : 6
   asserted object facts  : 5
   asserted literal facts : 0
   inferred rdf:type      : 8
   inferred object facts  : 5
   inferred literal facts : 0
   HermiT export added    : 8
   property closure added : 5
   type closure added     : 0
   top predicates:
      - hasCountry               3
      - hasNationality           3
      - hasDirector              2
      - hasCreator               2
   most connected subjects:
      - director_alain_gomis         6
      - film_felicite                5
      - film_villa_amalia            5
      - director_benoit_jacquot      4
      - country_france               2
      - country_senegal              2
