HermiT reasoned 1 file(s) in 0.7s | 5 asserted + 19 inferred = 24 materialized ABox facts

== summary ==
   asserted rdf:type      : 0
   asserted object facts  : 5
   asserted literal facts : 0
   inferred rdf:type      : 14
   inferred object facts  : 5
   inferred literal facts : 0
   HermiT export added    : 6
   property closure added : 5
   type closure added     : 8
   top predicates:
      - hasCountry               3
      - hasCitizenship           3
      - hasCreator               2
      - hasDirector              2
   most connected subjects:
      - Alain_Gomis                  6
      - Félicité_2017_film           5
      - Villa_Amalia_film            5
      - Benoît_Jacquot               4
      - French                       2
      - Senegalese                   2
