HermiT reasoned 1 file(s) in 0.7s | 7 asserted + 8 inferred = 15 materialized ABox facts

== summary ==
   asserted rdf:type      : 4
   asserted object facts  : 3
   asserted literal facts : 0
   inferred rdf:type      : 5
   inferred object facts  : 3
   inferred literal facts : 0
   HermiT export added    : 5
   property closure added : 3
   type closure added     : 0
   top predicates:
      - hasNationality           2
      - hasCountry               2
      - hasCreator               1
      - hasDirector              1
   most connected subjects:
      - gus_meins                    6
      - little_papa_film             5
      - united_states                2
      - germany                      2
