HermiT reasoned 1 file(s) in 0.6s | 11 asserted + 13 inferred = 24 materialized ABox facts

== summary ==
   asserted rdf:type      : 6
   asserted object facts  : 5
   asserted literal facts : 0
   inferred rdf:type      : 8
   inferred object facts  : 5
   inferred literal facts : 0
   HermiT export added    : 8
   property closure added : 5
   type closure added     : 0
   top predicates:
      - hasNationality           3
      - hasCountry               3
      - hasDirector              2
      - hasCreator               2
   most connected subjects:
      - jean_marc_barr               6
      - lovers_1999                  5
      - pitch_perfect_3              5
      - trish_sie                    4
      - france                       2
      - united_states                2
