HermiT reasoned 1 file(s) in 0.8s | 5 asserted + 19 inferred = 24 materialized ABox facts

== summary ==
   asserted rdf:type      : 0
   asserted object facts  : 5
   asserted literal facts : 0
   inferred rdf:type      : 14
   inferred object facts  : 5
   inferred literal facts : 0
   HermiT export added    : 6
   property closure added : 5
   type closure added     : 8
   top predicates:
      - hasCitizenship           3
      - hasCountry               3
      - hasCreator               2
      - hasDirector              2
   most connected subjects:
      - Jean_Marc_Barr               6
      - Pitch_Perfect_3              5
      - Lovers_1999_film             5
      - Trish_Sie                    4
      - American                     2
      - French                       2
