HermiT reasoned 1 file(s) in 0.7s | 8 asserted + 8 inferred = 16 materialized ABox facts

== summary ==
   asserted rdf:type      : 4
   asserted object facts  : 2
   asserted literal facts : 2
   inferred rdf:type      : 6
   inferred object facts  : 2
   inferred literal facts : 0
   HermiT export added    : 6
   property closure added : 2
   type closure added     : 0
   top predicates:
      - hasCreator               2
      - hasDirector              2
      - hasDeathDate             2
   most connected subjects:
      - film_two_mules_for_sister_sara 5
      - film_sexy_toto               5
      - person_don_siegel            3
      - person_mario_amendola        3
