HermiT reasoned 1 file(s) in 0.6s | 4 asserted + 12 inferred = 16 materialized ABox facts

== summary ==
   asserted rdf:type      : 0
   asserted object facts  : 2
   asserted literal facts : 2
   inferred rdf:type      : 10
   inferred object facts  : 2
   inferred literal facts : 0
   HermiT export added    : 4
   property closure added : 2
   type closure added     : 6
   top predicates:
      - hasCreator               2
      - hasDirector              2
      - hasDeathDate             2
   most connected subjects:
      - Two_Mules_for_Sister_Sara    5
      - Sexy_Toto                    5
      - Mario_Amendola               3
      - Don_Siegel                   3
