HermiT reasoned 1 file(s) in 0.6s | 9 asserted + 3 inferred = 12 materialized ABox facts

== summary ==
   asserted rdf:type      : 5
   asserted object facts  : 4
   asserted literal facts : 0
   inferred rdf:type      : 2
   inferred object facts  : 1
   inferred literal facts : 0
   HermiT export added    : 2
   property closure added : 1
   type closure added     : 0
   top predicates:
      - hasAwardReceived         3
      - hasPerformer             1
      - hasCreator               1
   most connected subjects:
      - meghan_trainor               5
      - watch_me_do                  4
      - billboard_music_award        1
      - ascap_pop_music_award        1
      - grammy_award                 1
