HermiT reasoned 1 file(s) in 0.4s | 7 asserted + 8 inferred = 15 materialized ABox facts

== summary ==
   asserted rdf:type      : 4
   asserted object facts  : 3
   asserted literal facts : 0
   inferred rdf:type      : 5
   inferred object facts  : 3
   inferred literal facts : 0
   HermiT export added    : 5
   property closure added : 3
   type closure added     : 0
   top predicates:
      - hasCountry               2
      - hasNationality           2
      - hasCreator               1
      - hasComposer              1
   most connected subjects:
      - franz_waxman                 6
      - count_your_blessings_1959_film 5
      - germany                      2
      - united_states                2
