HermiT reasoned 1 file(s) in 0.4s | 2 asserted + 8 inferred = 10 materialized ABox facts

== summary ==
   asserted rdf:type      : 0
   asserted object facts  : 2
   asserted literal facts : 0
   inferred rdf:type      : 6
   inferred object facts  : 2
   inferred literal facts : 0
   HermiT export added    : 3
   property closure added : 2
   type closure added     : 3
   top predicates:
      - hasComposer              1
      - hasCreator               1
      - hasCitizenship           1
      - hasCountry               1
   most connected subjects:
      - Franz_Waxman                 4
      - Count_Your_Blessings         4
      - German                       2
