HermiT reasoned 1 file(s) in 0.7s | 2 asserted + 10 inferred = 12 materialized ABox facts

== summary ==
   asserted rdf:type      : 0
   asserted object facts  : 2
   asserted literal facts : 0
   inferred rdf:type      : 7
   inferred object facts  : 3
   inferred literal facts : 0
   HermiT export added    : 5
   property closure added : 1
   type closure added     : 4
   top predicates:
      - hasParent                1
      - hasMother                1
      - hasDirector              1
      - hasChild                 1
      - hasCreator               1
   most connected subjects:
      - Varnyathil_Aashanka          5
      - Sidharth_Bharathan           4
      - K_P_A_C_Lalitha              3
