HermiT reasoned 1 file(s) in 0.6s | 11 asserted + 8 inferred = 19 materialized ABox facts

== summary ==
   asserted rdf:type      : 4
   asserted object facts  : 2
   asserted literal facts : 5
   inferred rdf:type      : 6
   inferred object facts  : 2
   inferred literal facts : 0
   HermiT export added    : 6
   property closure added : 2
   type closure added     : 0
   top predicates:
      - hasCreator               2
      - hasBirthDate             2
      - hasDirector              2
      - hasDeathDate             2
      - hasPublicationDate       1
   most connected subjects:
      - film_min_marion              6
      - film_corridors_of_blood      5
      - director_robert_day          4
      - director_nils_r_muller       4
