HermiT reasoned 1 file(s) in 0.7s | 5 asserted + 7 inferred = 12 materialized ABox facts

== summary ==
   asserted rdf:type      : 3
   asserted object facts  : 2
   asserted literal facts : 0
   inferred rdf:type      : 3
   inferred object facts  : 4
   inferred literal facts : 0
   HermiT export added    : 5
   property closure added : 2
   type closure added     : 0
   top predicates:
      - hasSpouse                2
      - hasSibling               2
      - hasBrother               1
      - isBrotherOf              1
   most connected subjects:
      - reginald_lane_poole          5
      - stanley_lane_poole           4
      - rachael_poole                3
