HermiT reasoned 1 file(s) in 0.5s | 9 asserted + 11 inferred = 20 materialized ABox facts

== summary ==
   asserted rdf:type      : 5
   asserted object facts  : 4
   asserted literal facts : 0
   inferred rdf:type      : 7
   inferred object facts  : 4
   inferred literal facts : 0
   HermiT export added    : 7
   property closure added : 4
   type closure added     : 0
   top predicates:
      - hasCountry               2
      - hasNationality           2
      - hasDirector              2
      - hasCreator               2
   most connected subjects:
      - film_dortoir_des_grandes     5
      - film_is_paris_burning        5
      - person_henri_decoin          4
      - person_rene_clement          4
      - country_france               2
