HermiT reasoned 1 file(s) in 0.5s | 4 asserted + 16 inferred = 20 materialized ABox facts

== summary ==
   asserted rdf:type      : 0
   asserted object facts  : 4
   asserted literal facts : 0
   inferred rdf:type      : 12
   inferred object facts  : 4
   inferred literal facts : 0
   HermiT export added    : 5
   property closure added : 4
   type closure added     : 7
   top predicates:
      - hasCountry               2
      - hasDirector              2
      - hasCitizenship           2
      - hasCreator               2
   most connected subjects:
      - Dortoir_des_grandes          5
      - Is_Paris_Burning_film        5
      - René_Clément                 4
      - Henri_Decoin                 4
      - French                       2
