HermiT reasoned 1 file(s) in 0.6s | 5 asserted + 8 inferred = 13 materialized ABox facts

== summary ==
   asserted rdf:type      : 3
   asserted object facts  : 2
   asserted literal facts : 0
   inferred rdf:type      : 3
   inferred object facts  : 5
   inferred literal facts : 0
   HermiT export added    : 6
   property closure added : 2
   type closure added     : 0
   top predicates:
      - hasSibling               2
      - hasSister                1
      - hasChild                 1
      - hasMother                1
      - hasParent                1
      - isSisterOf               1
   most connected subjects:
      - claude_fran%C3%A7oise_lorraine_1612 5
      - nicole_duchess_of_lorraine   4
      - anne_marie_therese_lorraine_1648 4
