HermiT reasoned 1 file(s) in 0.7s | 10 asserted + 12 inferred = 22 materialized ABox facts

== summary ==
   asserted rdf:type      : 6
   asserted object facts  : 4
   asserted literal facts : 0
   inferred rdf:type      : 8
   inferred object facts  : 4
   inferred literal facts : 0
   HermiT export added    : 8
   property closure added : 4
   type closure added     : 0
   top predicates:
      - hasCreator               2
      - hasNationality           2
      - hasCountry               2
      - hasDirector              2
   most connected subjects:
      - the_irish_in_america         5
      - rock_the_kasbah              5
      - sidney_olcott                4
      - barry_levinson               4
      - united_states                2
      - canada                       2
