HermiT reasoned 1 file(s) in 0.7s | 4 asserted + 16 inferred = 20 materialized ABox facts

== summary ==
   asserted rdf:type      : 0
   asserted object facts  : 4
   asserted literal facts : 0
   inferred rdf:type      : 12
   inferred object facts  : 4
   inferred literal facts : 0
   HermiT export added    : 5
   property closure added : 4
   type closure added     : 7
   top predicates:
      - hasDirector              2
      - hasCitizenship           2
      - hasCreator               2
      - hasCountry               2
   most connected subjects:
      - Leave_It_to_the_Marines      5
      - Alibi_Bye_Bye                5
      - Sam_Newfield                 4
      - Ben_Holmes                   4
      - American                     2
