HermiT reasoned 1 file(s) in 0.4s | 8 asserted + 8 inferred = 16 materialized ABox facts

== summary ==
   asserted rdf:type      : 4
   asserted object facts  : 2
   asserted literal facts : 2
   inferred rdf:type      : 6
   inferred object facts  : 2
   inferred literal facts : 0
   HermiT export added    : 6
   property closure added : 2
   type closure added     : 0
   top predicates:
      - hasPublicationDate       2
      - hasCountry               2
      - hasCountryOfOrigin       2
   most connected subjects:
      - Q4345845                     6
      - Q1255638                     6
      - Q30                          2
      - Q145                         2
