HermiT reasoned 1 file(s) in 0.7s | 9 asserted + 11 inferred = 20 materialized ABox facts

== summary ==
   asserted rdf:type      : 5
   asserted object facts  : 4
   asserted literal facts : 0
   inferred rdf:type      : 7
   inferred object facts  : 4
   inferred literal facts : 0
   HermiT export added    : 7
   property closure added : 4
   type closure added     : 0
   top predicates:
      - hasCreator               2
      - hasNationality           2
      - hasDirector              2
      - hasCountry               2
   most connected subjects:
      - sunshine_sally_film          5
      - hearts_in_exile_1915_film    5
      - james_young_person           4
      - lawson_harris_person         4
      - united_states_country        2
