HermiT reasoned 1 file(s) in 0.6s | 4 asserted + 18 inferred = 22 materialized ABox facts

== summary ==
   asserted rdf:type      : 0
   asserted object facts  : 4
   asserted literal facts : 0
   inferred rdf:type      : 14
   inferred object facts  : 4
   inferred literal facts : 0
   HermiT export added    : 6
   property closure added : 4
   type closure added     : 8
   top predicates:
      - hasDirector              2
      - hasCountry               2
      - hasCitizenship           2
      - hasCreator               2
   most connected subjects:
      - Sunshine_Sally               5
      - Hearts_in_Exile_1915_film    5
      - James_Young_director         4
      - Lawson_Harris                4
      - James_Young                  2
      - American                     2
