HermiT reasoned 1 file(s) in 0.7s | 9 asserted + 16 inferred = 25 materialized ABox facts

== summary ==
   asserted rdf:type      : 5
   asserted object facts  : 4
   asserted literal facts : 0
   inferred rdf:type      : 6
   inferred object facts  : 10
   inferred literal facts : 0
   HermiT export added    : 9
   property closure added : 7
   type closure added     : 0
   top predicates:
      - hasParent                3
      - hasChild                 3
      - hasDaughter              2
      - isDaughterOf             2
      - hasDirector              1
      - hasCreator               1
      - hasSon                   1
      - isSonOf                  1
   most connected subjects:
      - basu_bhattacharya            8
      - griha_pravesh                5
      - anwesha_arya                 4
      - chimmu                       4
      - aditya_bhattacharya          4
