HermiT reasoned 1 file(s) in 0.7s | 11 asserted + 3 inferred = 14 materialized ABox facts

== summary ==
   asserted rdf:type      : 6
   asserted object facts  : 5
   asserted literal facts : 0
   inferred rdf:type      : 2
   inferred object facts  : 1
   inferred literal facts : 0
   HermiT export added    : 2
   property closure added : 1
   type closure added     : 0
   top predicates:
      - hasAwardReceived         4
      - hasCreator               1
      - hasPerformer             1
   most connected subjects:
      - person_chris_brown           6
      - song_little_more_royalty     4
      - award_soul_train_music       1
      - award_billboard_music        1
      - award_grammy                 1
      - award_bet                    1
