HermiT reasoned 1 file(s) in 0.7s | 7 asserted + 6 inferred = 13 materialized ABox facts

== summary ==
   asserted rdf:type      : 3
   asserted object facts  : 2
   asserted literal facts : 2
   inferred rdf:type      : 4
   inferred object facts  : 2
   inferred literal facts : 0
   HermiT export added    : 5
   property closure added : 1
   type closure added     : 0
   top predicates:
      - hasSpouse                2
      - hasDirector              1
      - hasDeathDate             1
      - hasCreator               1
      - hasBirthDate             1
   most connected subjects:
      - p_s_ramakrishna_rao          5
      - bratuku_teruvu               5
      - bhanumathi_ramakrishna       3
