HermiT reasoned 1 file(s) in 0.7s | 5 asserted + 4 inferred = 9 materialized ABox facts

== summary ==
   asserted rdf:type      : 2
   asserted object facts  : 1
   asserted literal facts : 2
   inferred rdf:type      : 2
   inferred object facts  : 2
   inferred literal facts : 0
   HermiT export added    : 4
   property closure added : 0
   type closure added     : 0
   top predicates:
      - hasBirthDate             1
      - hasMother                1
      - hasParent                1
      - hasChild                 1
      - hasDeathDate             1
   most connected subjects:
      - frances_adeline_seward       5
      - augustus_henry_seward        4
