HermiT reasoned 1 file(s) in 0.4s | 5 asserted + 7 inferred = 12 materialized ABox facts

== summary ==
   asserted rdf:type      : 3
   asserted object facts  : 2
   asserted literal facts : 0
   inferred rdf:type      : 3
   inferred object facts  : 4
   inferred literal facts : 0
   HermiT export added    : 7
   property closure added : 0
   type closure added     : 0
   top predicates:
      - hasParent                2
      - hasChild                 2
      - hasMother                1
      - hasFather                1
   most connected subjects:
      - william_willoughby_6th_barony 5
      - charles_willoughby_10th_barony 4
      - frances_manners              3
