HermiT reasoned 1 file(s) in 0.4s | 2 asserted + 10 inferred = 12 materialized ABox facts

== summary ==
   asserted rdf:type      : 0
   asserted object facts  : 2
   asserted literal facts : 0
   inferred rdf:type      : 6
   inferred object facts  : 4
   inferred literal facts : 0
   HermiT export added    : 7
   property closure added : 0
   type closure added     : 3
   top predicates:
      - hasChild                 2
      - hasParent                2
      - hasMother                1
      - hasFather                1
   most connected subjects:
      - William_Willoughby           5
      - Charles_Willoughby_10th_Baron_Willoughby_of_Parham 4
      - Lady_Frances_Manners         3
