HermiT reasoned 1 file(s) in 0.7s | 5 asserted + 7 inferred = 12 materialized ABox facts

== summary ==
   asserted rdf:type      : 3
   asserted object facts  : 2
   asserted literal facts : 0
   inferred rdf:type      : 3
   inferred object facts  : 4
   inferred literal facts : 0
   HermiT export added    : 4
   property closure added : 3
   type closure added     : 0
   top predicates:
      - isSonOf                  1
      - hasChild                 1
      - hasSon                   1
      - hasParent                1
      - hasCountry               1
      - hasNationality           1
   most connected subjects:
      - stanislaw_koniecpolski       6
      - alexander_koniecpolski_1620  4
      - poland                       2
