HermiT reasoned 1 file(s) in 0.6s | 2 asserted + 9 inferred = 11 materialized ABox facts

== summary ==
   asserted rdf:type      : 0
   asserted object facts  : 2
   asserted literal facts : 0
   inferred rdf:type      : 7
   inferred object facts  : 2
   inferred literal facts : 0
   HermiT export added    : 6
   property closure added : 0
   type closure added     : 3
   top predicates:
      - hasBirthPlace            1
      - hasChild                 1
      - hasMother                1
      - hasParent                1
   most connected subjects:
      - Peter_II_Count_of_Saint_Pol  4
      - Jeanne_de_Bar_suo_jure_Countess_of_Marle_and_Soissons 3
      - Jeanne_de_Bar_Countess_of_Marle_and_Soissons 3
      - French                       1
