HermiT reasoned 1 file(s) in 0.5s | 4 asserted + 8 inferred = 12 materialized ABox facts

== summary ==
   asserted rdf:type      : 0
   asserted object facts  : 4
   asserted literal facts : 0
   inferred rdf:type      : 8
   inferred object facts  : 0
   inferred literal facts : 0
   HermiT export added    : 6
   property closure added : 0
   type closure added     : 2
   top predicates:
      - hasOccupation            4
   most connected subjects:
      - Colin_Will                   5
      - Anne_Castles                 3
      - poet                         1
      - cognitive_scientist          1
      - librarian                    1
      - publisher                    1
