HermiT reasoned 1 file(s) in 0.6s | 9 asserted + 8 inferred = 17 materialized ABox facts

== summary ==
   asserted rdf:type      : 4
   asserted object facts  : 2
   asserted literal facts : 3
   inferred rdf:type      : 6
   inferred object facts  : 2
   inferred literal facts : 0
   HermiT export added    : 6
   property closure added : 2
   type closure added     : 0
   top predicates:
      - hasCreator               2
      - hasDirector              2
      - hasBirthDate             2
      - hasDeathDate             1
   most connected subjects:
      - film_fame_1936               5
      - film_its_all_about_love_2003 5
      - person_leslie_hiscott        4
      - person_thomas_vinterberg     3
