HermiT reasoned 1 file(s) in 0.7s | 4 asserted + 16 inferred = 20 materialized ABox facts

== summary ==
   asserted rdf:type      : 0
   asserted object facts  : 4
   asserted literal facts : 0
   inferred rdf:type      : 12
   inferred object facts  : 4
   inferred literal facts : 0
   HermiT export added    : 5
   property closure added : 4
   type closure added     : 7
   top predicates:
      - hasCreator               2
      - hasDirector              2
      - hasCountry               2
      - hasCitizenship           2
   most connected subjects:
      - Seabiscuit_film              5
      - Warn_London                  5
      - Gary_Ross                    4
      - T_Hayes_Hunter               4
      - American                     2
