HermiT reasoned 1 file(s) in 0.7s | 10 asserted + 8 inferred = 18 materialized ABox facts

== summary ==
   asserted rdf:type      : 4
   asserted object facts  : 2
   asserted literal facts : 4
   inferred rdf:type      : 6
   inferred object facts  : 2
   inferred literal facts : 0
   HermiT export added    : 6
   property closure added : 2
   type closure added     : 0
   top predicates:
      - hasCreator               2
      - hasDeathDate             2
      - hasDirector              2
      - hasBirthDate             2
   most connected subjects:
      - film_gold_frankincense_and_myrrh 5
      - film_codine                  5
      - person_ante_babaja           4
      - person_henri_colpi           4
