HermiT reasoned 1 file(s) in 0.7s | 5 asserted + 8 inferred = 13 materialized ABox facts

== summary ==
   asserted rdf:type      : 3
   asserted object facts  : 2
   asserted literal facts : 0
   inferred rdf:type      : 4
   inferred object facts  : 4
   inferred literal facts : 0
   HermiT export added    : 5
   property closure added : 3
   type closure added     : 0
   top predicates:
      - hasDaughter              1
      - hasParent                1
      - isDaughterOf             1
      - hasCreator               1
      - hasPerformer             1
      - hasChild                 1
   most connected subjects:
      - buckaroo_song                5
      - lee_ann_womack               4
      - aubrie_sellers               4
