HermiT reasoned 1 file(s) in 0.7s | 5 asserted + 6 inferred = 11 materialized ABox facts

== summary ==
   asserted rdf:type      : 3
   asserted object facts  : 2
   asserted literal facts : 0
   inferred rdf:type      : 3
   inferred object facts  : 3
   inferred literal facts : 0
   HermiT export added    : 4
   property closure added : 2
   type closure added     : 0
   top predicates:
      - hasParent                1
      - isSonOf                  1
      - hasSon                   1
      - hasChild                 1
      - hasEmployer              1
   most connected subjects:
      - jean_tschumi                 5
      - bernard_tschumi              4
      - epfl                         2
