HermiT reasoned 1 file(s) in 0.6s | 16 asserted + 11 inferred = 27 materialized ABox facts

== summary ==
   asserted rdf:type      : 9
   asserted object facts  : 7
   asserted literal facts : 0
   inferred rdf:type      : 11
   inferred object facts  : 0
   inferred literal facts : 0
   HermiT export added    : 11
   property closure added : 0
   type closure added     : 0
   top predicates:
      - hasProducer              7
   most connected subjects:
      - film_hostel_part_ii          9
      - film_neruppu_da              4
      - person_mike_fleiss           2
      - person_quentin_tarantino     2
      - person_scott_spiegel         2
      - person_vikram_prabhu         2
      - person_chris_briggs          2
      - person_eli_roth              2
      - person_boaz_yakin            2
