HermiT reasoned 1 file(s) in 0.7s | 7 asserted + 11 inferred = 18 materialized ABox facts

== summary ==
   asserted rdf:type      : 0
   asserted object facts  : 7
   asserted literal facts : 0
   inferred rdf:type      : 11
   inferred object facts  : 0
   inferred literal facts : 0
   HermiT export added    : 9
   property closure added : 0
   type closure added     : 2
   top predicates:
      - hasProducer              7
   most connected subjects:
      - Hostel_Part_II               8
      - Neruppu_Da                   3
      - Chris_Briggs                 1
      - Boaz_Yakin                   1
      - Scott_Spiegel                1
      - Mike_Fleiss                  1
      - Vikram_Prabhu                1
      - Quentin_Tarantino            1
      - Eli_Roth                     1
