HermiT reasoned 1 file(s) in 0.7s | 5 asserted + 6 inferred = 11 materialized ABox facts

== summary ==
   asserted rdf:type      : 3
   asserted object facts  : 2
   asserted literal facts : 0
   inferred rdf:type      : 4
   inferred object facts  : 2
   inferred literal facts : 0
   HermiT export added    : 4
   property closure added : 2
   type closure added     : 0
   top predicates:
      - hasNationality           1
      - hasCreator               1
      - hasCountry               1
      - hasComposer              1
   most connected subjects:
      - when_you_were_mine_song      5
      - prince                       4
      - united_states                2
