HermiT reasoned 1 file(s) in 0.7s | 7 asserted + 4 inferred = 11 materialized ABox facts

== summary ==
   asserted rdf:type      : 4
   asserted object facts  : 3
   asserted literal facts : 0
   inferred rdf:type      : 3
   inferred object facts  : 1
   inferred literal facts : 0
   HermiT export added    : 3
   property closure added : 1
   type closure added     : 0
   top predicates:
      - hasAwardReceived         2
      - hasDirector              1
      - hasCreator               1
   most connected subjects:
      - film_jo_jeeta_wohi_sikandar_1992 5
      - person_mansoor_khan          4
      - award_filmfare_award_best_director 1
      - award_national_film_award_best_popular_film_providing_wholesome_entertainment 1
