HermiT reasoned 1 file(s) in 0.4s | 7 asserted + 10 inferred = 17 materialized ABox facts

== summary ==
   asserted rdf:type      : 4
   asserted object facts  : 3
   asserted literal facts : 0
   inferred rdf:type      : 5
   inferred object facts  : 5
   inferred literal facts : 0
   HermiT export added    : 9
   property closure added : 1
   type closure added     : 0
   top predicates:
      - hasChild                 2
      - hasMother                2
      - hasParent                2
      - hasComposer              1
      - hasCreator               1
   most connected subjects:
      - film_machi                   5
      - person_ar_reihana            4
      - person_gv_prakash_kumar      4
      - person_bhavani_sree          4
