HermiT reasoned 1 file(s) in 0.4s | 2 asserted + 8 inferred = 10 materialized ABox facts

== summary ==
   asserted rdf:type      : 0
   asserted object facts  : 2
   asserted literal facts : 0
   inferred rdf:type      : 6
   inferred object facts  : 2
   inferred literal facts : 0
   HermiT export added    : 4
   property closure added : 1
   type closure added     : 3
   top predicates:
      - hasParent                1
      - hasComposer              1
      - hasChild                 1
      - hasCreator               1
   most connected subjects:
      - Machi                        4
      - G_V_Prakash_Kumar            3
      - A_R_Reihana                  3
