HermiT reasoned 1 file(s) in 0.4s | 5 asserted + 7 inferred = 12 materialized ABox facts

== summary ==
   asserted rdf:type      : 3
   asserted object facts  : 2
   asserted literal facts : 0
   inferred rdf:type      : 3
   inferred object facts  : 4
   inferred literal facts : 0
   HermiT export added    : 7
   property closure added : 0
   type closure added     : 0
   top predicates:
      - hasChild                 2
      - hasParent                2
      - hasFather                1
      - hasMother                1
   most connected subjects:
      - olof_skotkonung              5
      - ingegerd_oloftdotter         4
      - sigrid_haughty               3
