HermiT reasoned 1 file(s) in 0.4s | 2 asserted + 10 inferred = 12 materialized ABox facts

== summary ==
   asserted rdf:type      : 0
   asserted object facts  : 2
   asserted literal facts : 0
   inferred rdf:type      : 6
   inferred object facts  : 4
   inferred literal facts : 0
   HermiT export added    : 7
   property closure added : 0
   type closure added     : 3
   top predicates:
      - hasChild                 2
      - hasParent                2
      - hasFather                1
      - hasMother                1
   most connected subjects:
      - Olof_Skötkonung              5
      - Ingegerd_Olofsdotter_of_Sweden 4
      - Sigrid_the_Haughty           3
