HermiT reasoned 1 file(s) in 0.7s | 5 asserted + 9 inferred = 14 materialized ABox facts

== summary ==
   asserted rdf:type      : 3
   asserted object facts  : 2
   asserted literal facts : 0
   inferred rdf:type      : 3
   inferred object facts  : 6
   inferred literal facts : 0
   HermiT export added    : 5
   property closure added : 4
   type closure added     : 0
   top predicates:
      - hasSibling               2
      - hasSon                   1
      - hasBrother               1
      - hasChild                 1
      - hasParent                1
      - isSonOf                  1
      - isBrotherOf              1
   most connected subjects:
      - bermudo_nunez                6
      - oveco_nunez                  4
      - fernando_bermudez_de_cea     4
