HermiT reasoned 1 file(s) in 0.4s | 5 asserted + 7 inferred = 12 materialized ABox facts

== summary ==
   asserted rdf:type      : 3
   asserted object facts  : 2
   asserted literal facts : 0
   inferred rdf:type      : 3
   inferred object facts  : 4
   inferred literal facts : 0
   HermiT export added    : 7
   property closure added : 0
   type closure added     : 0
   top predicates:
      - hasParent                2
      - hasChild                 2
      - hasFather                1
      - hasMother                1
   most connected subjects:
      - napoleon_alexandre_berthier  5
      - alexandre_3rd_prince_of_wagram 4
      - duchess_maria_elisabeth_in_bavaria 3
