HermiT reasoned 1 file(s) in 0.7s | 2 asserted + 9 inferred = 11 materialized ABox facts

== summary ==
   asserted rdf:type      : 0
   asserted object facts  : 2
   asserted literal facts : 0
   inferred rdf:type      : 7
   inferred object facts  : 2
   inferred literal facts : 0
   HermiT export added    : 6
   property closure added : 0
   type closure added     : 3
   top predicates:
      - hasMother                1
      - hasBirthPlace            1
      - hasChild                 1
      - hasParent                1
   most connected subjects:
      - Caroline_Bouvier_Kennedy     4
      - Jacqueline_Lee_Kennedy_Onassis 3
      - Jacqueline_Bouvier           3
      - Southampton                  1
