HermiT reasoned 1 file(s) in 0.7s | 5 asserted + 19 inferred = 24 materialized ABox facts

== summary ==
   asserted rdf:type      : 0
   asserted object facts  : 5
   asserted literal facts : 0
   inferred rdf:type      : 14
   inferred object facts  : 5
   inferred literal facts : 0
   HermiT export added    : 6
   property closure added : 5
   type closure added     : 8
   top predicates:
      - hasCountry               3
      - hasCitizenship           3
      - hasDirector              2
      - hasCreator               2
   most connected subjects:
      - Don_Sharp                    6
      - Trouble_in_the_Glen          5
      - Hennessy_film                5
      - Herbert_Wilcox               4
      - British                      2
      - Australian                   2
