HermiT reasoned 1 file(s) in 0.6s | 5 asserted + 5 inferred = 10 materialized ABox facts

== summary ==
   asserted rdf:type      : 3
   asserted object facts  : 2
   asserted literal facts : 0
   inferred rdf:type      : 3
   inferred object facts  : 2
   inferred literal facts : 0
   HermiT export added    : 3
   property closure added : 2
   type closure added     : 0
   top predicates:
      - hasNationality           1
      - hasCreator               1
      - hasCountry               1
      - hasPerformer             1
   most connected subjects:
      - person_madleen_kane          4
      - song_you_can                 4
      - country_sweden               2
