HermiT reasoned 1 file(s) in 0.7s | 2 asserted + 11 inferred = 13 materialized ABox facts

== summary ==
   asserted rdf:type      : 0
   asserted object facts  : 2
   asserted literal facts : 0
   inferred rdf:type      : 8
   inferred object facts  : 3
   inferred literal facts : 0
   HermiT export added    : 6
   property closure added : 1
   type closure added     : 4
   top predicates:
      - hasCitizenship           1
      - hasFather                1
      - hasCountry               1
      - hasChild                 1
      - hasParent                1
   most connected subjects:
      - Ordgar_Ealdorman_of_Devon    4
      - Ordwulf                      4
      - Ordgar                       3
      - England                      2
