HermiT reasoned 1 file(s) in 0.7s | 10 asserted + 12 inferred = 22 materialized ABox facts

== summary ==
   asserted rdf:type      : 6
   asserted object facts  : 4
   asserted literal facts : 0
   inferred rdf:type      : 8
   inferred object facts  : 4
   inferred literal facts : 0
   HermiT export added    : 8
   property closure added : 4
   type closure added     : 0
   top predicates:
      - hasNationality           2
      - hasDirector              2
      - hasCountry               2
      - hasCreator               2
   most connected subjects:
      - film_oklahoma_1999           5
      - film_its_a_great_feeling     5
      - person_trevor_nunn           4
      - person_david_butler          4
      - country_united_states        2
      - country_united_kingdom       2
