HermiT reasoned 1 file(s) in 0.6s | 4 asserted + 20 inferred = 24 materialized ABox facts

== summary ==
   asserted rdf:type      : 0
   asserted object facts  : 4
   asserted literal facts : 0
   inferred rdf:type      : 16
   inferred object facts  : 4
   inferred literal facts : 0
   HermiT export added    : 7
   property closure added : 4
   type closure added     : 9
   top predicates:
      - hasCreator               2
      - hasCountry               2
      - hasDirector              2
      - hasCitizenship           2
   most connected subjects:
      - It_s_a_Great_Feeling         5
      - Oklahoma_1999_film           5
      - David_Butler_director        4
      - Trevor_Nunn                  4
      - British                      2
      - David_Butler                 2
      - American                     2
