HermiT reasoned 1 file(s) in 0.8s | 5 asserted + 5 inferred = 10 materialized ABox facts

== summary ==
   asserted rdf:type      : 3
   asserted object facts  : 2
   asserted literal facts : 0
   inferred rdf:type      : 2
   inferred object facts  : 3
   inferred literal facts : 0
   HermiT export added    : 3
   property closure added : 2
   type closure added     : 0
   top predicates:
      - hasParent                1
      - hasCauseOfDeath          1
      - isDaughterOf             1
      - hasChild                 1
      - hasDaughter              1
   most connected subjects:
      - philippa_of_hainault         5
      - joan_of_england_1335_1348    4
      - illness_related_to_edema     1
