HermiT reasoned 1 file(s) in 0.7s | 13 asserted + 4 inferred = 17 materialized ABox facts

== summary ==
   asserted rdf:type      : 7
   asserted object facts  : 6
   asserted literal facts : 0
   inferred rdf:type      : 3
   inferred object facts  : 1
   inferred literal facts : 0
   HermiT export added    : 3
   property closure added : 1
   type closure added     : 0
   top predicates:
      - hasAwardReceived         5
      - hasCreator               1
      - hasDirector              1
   most connected subjects:
      - linda_yellen                 7
      - chantilly_lace_film          5
      - christopher_award            1
      - primetime_emmy_award         1
      - peabody_award                1
      - emmy_award                   1
      - silver_nymph_award           1
