HermiT reasoned 1 file(s) in 0.6s | 7 asserted + 8 inferred = 15 materialized ABox facts

== summary ==
   asserted rdf:type      : 4
   asserted object facts  : 3
   asserted literal facts : 0
   inferred rdf:type      : 5
   inferred object facts  : 3
   inferred literal facts : 0
   HermiT export added    : 7
   property closure added : 1
   type closure added     : 0
   top predicates:
      - hasParent                2
      - hasChild                 2
      - hasCreator               1
      - hasDirector              1
   most connected subjects:
      - reunion_at_fairborough_film  5
      - herbert_wise                 4
      - charlie_walker_wise          3
      - susannah_wise                3
