HermiT reasoned 1 file(s) in 0.6s | 8 asserted + 8 inferred = 16 materialized ABox facts

== summary ==
   asserted rdf:type      : 4
   asserted object facts  : 2
   asserted literal facts : 2
   inferred rdf:type      : 6
   inferred object facts  : 2
   inferred literal facts : 0
   HermiT export added    : 6
   property closure added : 2
   type closure added     : 0
   top predicates:
      - hasDirector              2
      - hasBirthDate             2
      - hasCreator               2
   most connected subjects:
      - film_shadow_nazareth         5
      - film_berlin_jerusalem        5
      - director_gitai               3
      - director_maude               3
