HermiT reasoned 1 file(s) in 0.7s | 4 asserted + 12 inferred = 16 materialized ABox facts

== summary ==
   asserted rdf:type      : 0
   asserted object facts  : 2
   asserted literal facts : 2
   inferred rdf:type      : 10
   inferred object facts  : 2
   inferred literal facts : 0
   HermiT export added    : 4
   property closure added : 2
   type closure added     : 6
   top predicates:
      - hasCreator               2
      - hasDirector              2
      - hasBirthDate             2
   most connected subjects:
      - Berlin_Jerusalem             5
      - The_Shadow_of_Nazareth       5
      - Arthur_Maude                 3
      - Amos_Gitai                   3
