HermiT reasoned 1 file(s) in 0.6s | 4 asserted + 9 inferred = 13 materialized ABox facts

== summary ==
   asserted rdf:type      : 0
   asserted object facts  : 2
   asserted literal facts : 2
   inferred rdf:type      : 9
   inferred object facts  : 0
   inferred literal facts : 0
   HermiT export added    : 5
   property closure added : 0
   type closure added     : 4
   top predicates:
      - hasBirthDate             2
      - hasProducer              2
   most connected subjects:
      - Akkineni_Nagarjuna           3
      - Rarandoi_Veduka_Chudham      3
      - Ab_Dilli_Dur_Nahin           3
      - Raj_Kapoor                   3
      - Nagarjuna_Akkineni           1
