HermiT reasoned 1 file(s) in 0.6s | 4 asserted + 9 inferred = 13 materialized ABox facts

== summary ==
   asserted rdf:type      : 0
   asserted object facts  : 2
   asserted literal facts : 2
   inferred rdf:type      : 9
   inferred object facts  : 0
   inferred literal facts : 0
   HermiT export added    : 5
   property closure added : 0
   type closure added     : 4
   top predicates:
      - hasProducer              2
      - hasBirthDate             2
   most connected subjects:
      - The_Indian_Fighter           3
      - The_Story_of_Three_Loves     3
      - Sidney_Franklin_director     3
      - Kirk_Douglas                 3
      - Sidney_Franklin              1
