HermiT reasoned 1 file(s) in 0.7s | 5 asserted + 9 inferred = 14 materialized ABox facts

== summary ==
   asserted rdf:type      : 3
   asserted object facts  : 2
   asserted literal facts : 0
   inferred rdf:type      : 3
   inferred object facts  : 6
   inferred literal facts : 0
   HermiT export added    : 5
   property closure added : 4
   type closure added     : 0
   top predicates:
      - hasSon                   2
      - hasParent                2
      - hasChild                 2
      - isSonOf                  2
   most connected subjects:
      - aethelred_mercia             6
      - oswald_hwicce                4
      - osric_hwicce                 4
