HermiT reasoned 1 file(s) in 0.7s | 8 asserted + 8 inferred = 16 materialized ABox facts

== summary ==
   asserted rdf:type      : 4
   asserted object facts  : 2
   asserted literal facts : 2
   inferred rdf:type      : 6
   inferred object facts  : 2
   inferred literal facts : 0
   HermiT export added    : 6
   property closure added : 2
   type closure added     : 0
   top predicates:
      - hasBirthDate             2
      - hasDirector              2
      - hasCreator               2
   most connected subjects:
      - texas_gun_fighter            5
      - what_will_people_say_1916    5
      - alice_guy                    3
      - phil_rosen                   3
