HermiT reasoned 1 file(s) in 0.7s | 4 asserted + 14 inferred = 18 materialized ABox facts

== summary ==
   asserted rdf:type      : 0
   asserted object facts  : 2
   asserted literal facts : 2
   inferred rdf:type      : 12
   inferred object facts  : 2
   inferred literal facts : 0
   HermiT export added    : 5
   property closure added : 2
   type closure added     : 7
   top predicates:
      - hasBirthDate             2
      - hasDirector              2
      - hasCreator               2
   most connected subjects:
      - What_Will_People_Say         5
      - Texas_Gun_Fighter            5
      - Phil_Rosen                   3
      - Alice_Guy_Blaché             3
      - Alice_Guy                    2
