HermiT reasoned 1 file(s) in 0.4s | 5 asserted + 5 inferred = 10 materialized ABox facts

== summary ==
   asserted rdf:type      : 3
   asserted object facts  : 2
   asserted literal facts : 0
   inferred rdf:type      : 3
   inferred object facts  : 2
   inferred literal facts : 0
   HermiT export added    : 0
   property closure added : 2
   type closure added     : 3
   top predicates:
      - hasCountry               1
      - hasCitizenship           1
      - hasDirector              1
      - hasCreator               1
   most connected subjects:
      - Q4764595                     4
      - Q79781208                    4
      - Q668                         2
