HermiT reasoned 1 file(s) in 0.7s | 5 asserted + 6 inferred = 11 materialized ABox facts

== summary ==
   asserted rdf:type      : 3
   asserted object facts  : 2
   asserted literal facts : 0
   inferred rdf:type      : 4
   inferred object facts  : 2
   inferred literal facts : 0
   HermiT export added    : 6
   property closure added : 0
   type closure added     : 0
   top predicates:
      - hasMother                1
      - hasChild                 1
      - hasEmployer              1
      - hasParent                1
   most connected subjects:
      - gloria_arroyo                4
      - mikey_arroyo                 4
      - ateneo_de_manila_university  3
