HermiT reasoned 1 file(s) in 0.7s | 2 asserted + 10 inferred = 12 materialized ABox facts

== summary ==
   asserted rdf:type      : 0
   asserted object facts  : 2
   asserted literal facts : 0
   inferred rdf:type      : 8
   inferred object facts  : 2
   inferred literal facts : 0
   HermiT export added    : 6
   property closure added : 0
   type closure added     : 4
   top predicates:
      - hasMother                1
      - hasParent                1
      - hasChild                 1
      - hasEmployer              1
   most connected subjects:
      - Mikey_Arroyo                 4
      - Gloria_Macapagal_Arroyo      3
      - Maria_Gloria_Macaraeg_Macapagal_Arroyo 3
      - Ateneo                       2
