HermiT reasoned 1 file(s) in 0.4s | 7 asserted + 4 inferred = 11 materialized ABox facts

== summary ==
   asserted rdf:type      : 3
   asserted object facts  : 2
   asserted literal facts : 2
   inferred rdf:type      : 3
   inferred object facts  : 1
   inferred literal facts : 0
   HermiT export added    : 3
   property closure added : 1
   type closure added     : 0
   top predicates:
      - hasDirector              1
      - hasCreator               1
      - hasDeathPlace            1
      - hasDeathDate             1
      - hasBirthDate             1
   most connected subjects:
      - film_mary_janes_pa           5
      - person_william_keighley      5
      - place_new_york_ny            1
