HermiT reasoned 1 file(s) in 0.6s | 5 asserted + 5 inferred = 10 materialized ABox facts

== summary ==
   asserted rdf:type      : 3
   asserted object facts  : 2
   asserted literal facts : 0
   inferred rdf:type      : 2
   inferred object facts  : 3
   inferred literal facts : 0
   HermiT export added    : 3
   property closure added : 2
   type closure added     : 0
   top predicates:
      - hasChild                 1
      - hasSon                   1
      - isSonOf                  1
      - hasBurialPlace           1
      - hasParent                1
   most connected subjects:
      - charles_duke_of_lower_lorraine 5
      - louis_of_lower_lorraine      4
      - basilica_of_saint_servatius_maastricht 1
