HermiT reasoned 1 file(s) in 0.6s | 10 asserted + 12 inferred = 22 materialized ABox facts

== summary ==
   asserted rdf:type      : 6
   asserted object facts  : 4
   asserted literal facts : 0
   inferred rdf:type      : 8
   inferred object facts  : 4
   inferred literal facts : 0
   HermiT export added    : 8
   property closure added : 4
   type closure added     : 0
   top predicates:
      - hasDirector              2
      - hasCountry               2
      - hasNationality           2
      - hasCreator               2
   most connected subjects:
      - war_book_2014                5
      - operation_petticoat_1959     5
      - blake_edwards                4
      - tom_harper                   4
      - united_kingdom               2
      - united_states                2
