HermiT reasoned 1 file(s) in 0.7s | 4 asserted + 20 inferred = 24 materialized ABox facts

== summary ==
   asserted rdf:type      : 0
   asserted object facts  : 4
   asserted literal facts : 0
   inferred rdf:type      : 16
   inferred object facts  : 4
   inferred literal facts : 0
   HermiT export added    : 7
   property closure added : 4
   type closure added     : 9
   top predicates:
      - hasCreator               2
      - hasCitizenship           2
      - hasDirector              2
      - hasCountry               2
   most connected subjects:
      - War_Book                     5
      - Operation_Petticoat          5
      - Tom_Harper_director          4
      - Blake_Edwards                4
      - American                     2
      - British                      2
      - Tom_Harper                   2
