HermiT reasoned 1 file(s) in 0.7s | 8 asserted + 8 inferred = 16 materialized ABox facts

== summary ==
   asserted rdf:type      : 4
   asserted object facts  : 2
   asserted literal facts : 2
   inferred rdf:type      : 6
   inferred object facts  : 2
   inferred literal facts : 0
   HermiT export added    : 6
   property closure added : 2
   type closure added     : 0
   top predicates:
      - hasBirthDate             2
      - hasDirector              2
      - hasCreator               2
   most connected subjects:
      - demetrius_and_the_gladiators_film 5
      - riders_of_the_deadline_film  5
      - lesley_selander              3
      - delmer_daves                 3
