HermiT reasoned 1 file(s) in 0.7s | 7 asserted + 6 inferred = 13 materialized ABox facts

== summary ==
   asserted rdf:type      : 4
   asserted object facts  : 3
   asserted literal facts : 0
   inferred rdf:type      : 4
   inferred object facts  : 2
   inferred literal facts : 0
   HermiT export added    : 6
   property closure added : 0
   type closure added     : 0
   top predicates:
      - hasEmployer              2
      - hasChild                 1
      - hasParent                1
      - hasFather                1
   most connected subjects:
      - friedrich_gottlob_uhlemann   5
      - max_uhlemann                 4
      - university_of_berlin         2
      - university_of_leipzig        2
