HermiT reasoned 1 file(s) in 0.6s | 2 asserted + 8 inferred = 10 materialized ABox facts

== summary ==
   asserted rdf:type      : 0
   asserted object facts  : 2
   asserted literal facts : 0
   inferred rdf:type      : 6
   inferred object facts  : 2
   inferred literal facts : 0
   HermiT export added    : 5
   property closure added : 0
   type closure added     : 3
   top predicates:
      - hasParent                1
      - hasChild                 1
      - hasFounder               1
      - hasFather                1
   most connected subjects:
      - Sobhuza_II                   4
      - Tibiyo_TakaNgwane            3
      - Ngwane_V                     3
