HermiT reasoned 1 file(s) in 0.6s | 7 asserted + 8 inferred = 15 materialized ABox facts

== summary ==
   asserted rdf:type      : 4
   asserted object facts  : 3
   asserted literal facts : 0
   inferred rdf:type      : 5
   inferred object facts  : 3
   inferred literal facts : 0
   HermiT export added    : 5
   property closure added : 3
   type closure added     : 0
   top predicates:
      - hasCountry               2
      - hasNationality           2
      - hasComposer              1
      - hasCreator               1
   most connected subjects:
      - person_carlos_gardel         6
      - musicalwork_por_una_cabeza   5
      - country_argentina            2
      - country_france               2
