HermiT reasoned 1 file(s) in 0.7s | 2 asserted + 10 inferred = 12 materialized ABox facts

== summary ==
   asserted rdf:type      : 0
   asserted object facts  : 2
   asserted literal facts : 0
   inferred rdf:type      : 6
   inferred object facts  : 4
   inferred literal facts : 0
   HermiT export added    : 7
   property closure added : 0
   type closure added     : 3
   top predicates:
      - hasChild                 2
      - hasParent                2
      - hasFather                1
      - hasMother                1
   most connected subjects:
      - Otto_I_Count_of_Chiny        5
      - Louis_Count_of_Verdun        4
      - Gerberge_of_Lorraine         3
