HermiT reasoned 1 file(s) in 0.8s | 7 asserted + 8 inferred = 15 materialized ABox facts

== summary ==
   asserted rdf:type      : 4
   asserted object facts  : 3
   asserted literal facts : 0
   inferred rdf:type      : 5
   inferred object facts  : 3
   inferred literal facts : 0
   HermiT export added    : 7
   property closure added : 1
   type closure added     : 0
   top predicates:
      - hasSpouse                4
      - hasDirector              1
      - hasCreator               1
   most connected subjects:
      - beautiful_mexico_film        5
      - ramon_pereda_person          4
      - adriana_lamar_person         3
      - maria_antonieta_pons_person  3
