HermiT reasoned 1 file(s) in 0.6s | 9 asserted + 11 inferred = 20 materialized ABox facts

== summary ==
   asserted rdf:type      : 5
   asserted object facts  : 4
   asserted literal facts : 0
   inferred rdf:type      : 7
   inferred object facts  : 4
   inferred literal facts : 0
   HermiT export added    : 7
   property closure added : 4
   type closure added     : 0
   top predicates:
      - hasNationality           2
      - hasDirector              2
      - hasCountry               2
      - hasCreator               2
   most connected subjects:
      - film_cursed_2005             5
      - film_wrath_of_god            5
      - person_wes_craven            4
      - person_ralph_nelson          4
      - country_united_states        2
