HermiT reasoned 1 file(s) in 1.0s | 2 asserted + 9 inferred = 11 materialized ABox facts

== summary ==
   asserted rdf:type      : 0
   asserted object facts  : 2
   asserted literal facts : 0
   inferred rdf:type      : 6
   inferred object facts  : 3
   inferred literal facts : 0
   HermiT export added    : 6
   property closure added : 0
   type closure added     : 3
   top predicates:
      - hasSibling               2
      - hasParent                1
      - hasFather                1
      - hasChild                 1
   most connected subjects:
      - Nicholas_Richard_Michael_Eliot_9th_Earl_of_St_Germans 4
      - Montague_Eliot_8th_Earl_of_St_Germans 4
      - Granville_Eliot_7th_Earl_of_St_Germans 3
