HermiT reasoned 1 file(s) in 0.6s | 7 asserted + 4 inferred = 11 materialized ABox facts

== summary ==
   asserted rdf:type      : 4
   asserted object facts  : 3
   asserted literal facts : 0
   inferred rdf:type      : 3
   inferred object facts  : 1
   inferred literal facts : 0
   HermiT export added    : 3
   property closure added : 1
   type closure added     : 0
   top predicates:
      - hasAwardReceived         2
      - hasDirector              1
      - hasCreator               1
   most connected subjects:
      - a_place_of_rage_1991         5
      - pratibha_parmar              4
      - lifetime_achievement_award_san_francisco_frameline 1
      - visionary_award_one_in_ten_film_festival 1
