HermiT reasoned 1 file(s) in 0.7s | 5 asserted + 6 inferred = 11 materialized ABox facts

== summary ==
   asserted rdf:type      : 3
   asserted object facts  : 2
   asserted literal facts : 0
   inferred rdf:type      : 3
   inferred object facts  : 3
   inferred literal facts : 0
   HermiT export added    : 6
   property closure added : 0
   type closure added     : 0
   top predicates:
      - hasSpouse                2
      - hasParent                1
      - hasFather                1
      - hasChild                 1
   most connected subjects:
      - lucretia                     5
      - lucius_tarquinius_collatinus 3
      - spurius_lucretius_tricipitinus 3
