HermiT reasoned 1 file(s) in 0.6s | 2 asserted + 7 inferred = 9 materialized ABox facts

== summary ==
   asserted rdf:type      : 0
   asserted object facts  : 2
   asserted literal facts : 0
   inferred rdf:type      : 5
   inferred object facts  : 2
   inferred literal facts : 0
   HermiT export added    : 5
   property closure added : 0
   type closure added     : 2
   top predicates:
      - hasParent                1
      - hasBurialPlace           1
      - hasFather                1
      - hasChild                 1
   most connected subjects:
      - Auguste_Tessier              4
      - Ulric_Joseph_Tessier         4
      - Cimetière_Notre_Dame_de_Belmont 1
