HermiT reasoned 1 file(s) in 0.5s | 15 asserted + 12 inferred = 27 materialized ABox facts

== summary ==
   asserted rdf:type      : 6
   asserted object facts  : 4
   asserted literal facts : 5
   inferred rdf:type      : 8
   inferred object facts  : 4
   inferred literal facts : 0
   HermiT export added    : 8
   property closure added : 4
   type closure added     : 0
   top predicates:
      - hasCitizenship           2
      - hasBirthDate             2
      - hasCountry               2
      - hasCreator               2
      - hasPublicationDate       2
      - hasDirector              2
      - hasDeathDate             1
   most connected subjects:
      - Q7910840                     6
      - Q769826                      6
      - Q2083645                     6
      - Q530027                      5
      - Q213                         2
      - Q36704                       2
