HermiT reasoned 1 file(s) in 0.3s | 10 asserted + 10 inferred = 20 materialized ABox facts

== summary ==
   asserted rdf:type      : 6
   asserted object facts  : 4
   asserted literal facts : 0
   inferred rdf:type      : 6
   inferred object facts  : 4
   inferred literal facts : 0
   HermiT export added    : 0
   property closure added : 4
   type closure added     : 6
   top predicates:
      - hasCreator               2
      - hasCitizenship           2
      - hasDirector              2
      - hasCountry               2
   most connected subjects:
      - Q2083645                     4
      - Q769826                      4
      - Q7910840                     4
      - Q530027                      4
      - Q36704                       2
      - Q213                         2
