HermiT reasoned 1 file(s) in 0.7s | 2 asserted + 9 inferred = 11 materialized ABox facts

== summary ==
   asserted rdf:type      : 0
   asserted object facts  : 2
   asserted literal facts : 0
   inferred rdf:type      : 6
   inferred object facts  : 3
   inferred literal facts : 0
   HermiT export added    : 6
   property closure added : 0
   type closure added     : 3
   top predicates:
      - hasSibling               2
      - hasParent                1
      - hasChild                 1
      - hasFather                1
   most connected subjects:
      - Auberon_Herbert              4
      - Aubrey_Herbert               4
      - George_Herbert_5th_Earl_of_Carnarvon 3
