HermiT reasoned 1 file(s) in 0.8s | 14 asserted + 4 inferred = 18 materialized ABox facts

== summary ==
   asserted rdf:type      : 7
   asserted object facts  : 6
   asserted literal facts : 1
   inferred rdf:type      : 3
   inferred object facts  : 1
   inferred literal facts : 0
   HermiT export added    : 3
   property closure added : 1
   type closure added     : 0
   top predicates:
      - hasAwardReceived         5
      - hasDirector              1
      - hasPublicationDate       1
      - hasCreator               1
   most connected subjects:
      - person_leslie_cockburn       7
      - film_american_casino         6
      - award_george_polk            1
      - award_dupont                 1
      - award_emmy                   1
      - award_rf_kennedy_journalism  1
      - award_hillman_prize          1
