HermiT reasoned 1 file(s) in 0.7s | 5 asserted + 6 inferred = 11 materialized ABox facts

== summary ==
   asserted rdf:type      : 3
   asserted object facts  : 2
   asserted literal facts : 0
   inferred rdf:type      : 3
   inferred object facts  : 3
   inferred literal facts : 0
   HermiT export added    : 6
   property closure added : 0
   type closure added     : 0
   top predicates:
      - hasSpouse                2
      - hasParent                1
      - hasChild                 1
      - hasMother                1
   most connected subjects:
      - stephen_i_of_hungary         5
      - sarolt                       3
      - gisela_of_hungary            3
