HermiT reasoned 1 file(s) in 0.7s | 10 asserted + 2 inferred = 12 materialized ABox facts

== summary ==
   asserted rdf:type      : 6
   asserted object facts  : 4
   asserted literal facts : 0
   inferred rdf:type      : 2
   inferred object facts  : 0
   inferred literal facts : 0
   HermiT export added    : 2
   property closure added : 0
   type closure added     : 0
   top predicates:
      - hasOccupation            4
   most connected subjects:
      - peter_mate_pop               5
      - michael_d_antonovich         3
      - occupation_pianist           1
      - occupation_composer          1
      - occupation_pop_singer        1
      - occupation_politician        1
