HermiT reasoned 1 file(s) in 0.6s | 4 asserted + 8 inferred = 12 materialized ABox facts

== summary ==
   asserted rdf:type      : 0
   asserted object facts  : 4
   asserted literal facts : 0
   inferred rdf:type      : 8
   inferred object facts  : 0
   inferred literal facts : 0
   HermiT export added    : 6
   property closure added : 0
   type closure added     : 2
   top predicates:
      - hasOccupation            4
   most connected subjects:
      - Péter_Máté                   5
      - Michael_D_Antonovich         3
      - composer                     1
      - politician                   1
      - pianist                      1
      - singer                       1
