HermiT reasoned 1 file(s) in 0.6s | 4 asserted + 12 inferred = 16 materialized ABox facts

== summary ==
   asserted rdf:type      : 0
   asserted object facts  : 2
   asserted literal facts : 2
   inferred rdf:type      : 10
   inferred object facts  : 2
   inferred literal facts : 0
   HermiT export added    : 4
   property closure added : 2
   type closure added     : 6
   top predicates:
      - hasDirector              2
      - hasBirthDate             2
      - hasCreator               2
   most connected subjects:
      - Searching_for_Monica         5
      - Hospital_Massacre            5
      - José_María_Forqué            3
      - Boaz_Davidson                3
