HermiT reasoned 1 file(s) in 0.8s | 4 asserted + 14 inferred = 18 materialized ABox facts

== summary ==
   asserted rdf:type      : 0
   asserted object facts  : 2
   asserted literal facts : 2
   inferred rdf:type      : 12
   inferred object facts  : 2
   inferred literal facts : 0
   HermiT export added    : 5
   property closure added : 2
   type closure added     : 7
   top predicates:
      - hasCreator               2
      - hasDeathDate             2
      - hasDirector              2
   most connected subjects:
      - Collector_Malathy            5
      - The_Locket                   5
      - M_Krishnan_Nair_director     3
      - John_Brahm                   3
      - M_Krishnan_Nair              2
