HermiT reasoned 1 file(s) in 0.7s | 9 asserted + 11 inferred = 20 materialized ABox facts

== summary ==
   asserted rdf:type      : 5
   asserted object facts  : 4
   asserted literal facts : 0
   inferred rdf:type      : 7
   inferred object facts  : 4
   inferred literal facts : 0
   HermiT export added    : 7
   property closure added : 4
   type closure added     : 0
   top predicates:
      - hasDirector              2
      - hasCreator               2
      - hasCountry               2
      - hasNationality           2
   most connected subjects:
      - film_simha_jodi_1980         5
      - film_pauper_millionaire_1922 5
      - person_joe_simon             4
      - person_frank_hall_crane      4
      - country_united_states        2
