HermiT reasoned 1 file(s) in 0.7s | 2 asserted + 9 inferred = 11 materialized ABox facts

== summary ==
   asserted rdf:type      : 0
   asserted object facts  : 2
   asserted literal facts : 0
   inferred rdf:type      : 7
   inferred object facts  : 2
   inferred literal facts : 0
   HermiT export added    : 6
   property closure added : 0
   type closure added     : 3
   top predicates:
      - hasChild                 1
      - hasParent                1
      - hasFather                1
      - hasDeathPlace            1
   most connected subjects:
      - Prince_Christopher_of_Greece_and_Denmark 4
      - George_I                     3
      - George_I_of_Greece           3
      - Thessaloniki                 1
