HermiT reasoned 1 file(s) in 0.4s | 2 asserted + 7 inferred = 9 materialized ABox facts

== summary ==
   asserted rdf:type      : 0
   asserted object facts  : 2
   asserted literal facts : 0
   inferred rdf:type      : 5
   inferred object facts  : 2
   inferred literal facts : 0
   HermiT export added    : 5
   property closure added : 0
   type closure added     : 2
   top predicates:
      - hasParent                1
      - hasChild                 1
      - hasBurialPlace           1
      - hasFather                1
   most connected subjects:
      - Lucy_Beall_Candler_Owens_Heinz_Leide 4
      - Asa_Griggs_Candler           4
      - Georgia                      1
