HermiT reasoned 1 file(s) in 0.7s | 2 asserted + 7 inferred = 9 materialized ABox facts

== summary ==
   asserted rdf:type      : 0
   asserted object facts  : 2
   asserted literal facts : 0
   inferred rdf:type      : 5
   inferred object facts  : 2
   inferred literal facts : 0
   HermiT export added    : 5
   property closure added : 0
   type closure added     : 2
   top predicates:
      - hasCauseOfDeath          1
      - hasMother                1
      - hasParent                1
      - hasChild                 1
   most connected subjects:
      - Lady_Sarah_Frances_Elizabeth_Chatto 4
      - Princess_Margaret            4
      - stroke                       1
