HermiT reasoned 1 file(s) in 0.7s | 5 asserted + 4 inferred = 9 materialized ABox facts

== summary ==
   asserted rdf:type      : 3
   asserted object facts  : 2
   asserted literal facts : 0
   inferred rdf:type      : 2
   inferred object facts  : 2
   inferred literal facts : 0
   HermiT export added    : 4
   property closure added : 0
   type closure added     : 0
   top predicates:
      - hasChild                 1
      - hasFather                1
      - hasParent                1
      - hasBirthPlace            1
   most connected subjects:
      - elias_sapag                  4
      - jorge_sapag                  4
      - mayrouba_lebanon             1
