HermiT reasoned 1 file(s) in 0.7s | 2 asserted + 9 inferred = 11 materialized ABox facts

== summary ==
   asserted rdf:type      : 0
   asserted object facts  : 2
   asserted literal facts : 0
   inferred rdf:type      : 6
   inferred object facts  : 3
   inferred literal facts : 0
   HermiT export added    : 5
   property closure added : 1
   type closure added     : 3
   top predicates:
      - hasFather                1
      - hasCountry               1
      - hasParent                1
      - hasCitizenship           1
      - hasChild                 1
   most connected subjects:
      - Hussain_Nizam_Shah_I         5
      - Murtaza_Nizam_Shah_I         4
      - Ahmadnagar_Sultanate         2
