HermiT reasoned 1 file(s) in 0.6s | 5 asserted + 9 inferred = 14 materialized ABox facts

== summary ==
   asserted rdf:type      : 3
   asserted object facts  : 2
   asserted literal facts : 0
   inferred rdf:type      : 3
   inferred object facts  : 6
   inferred literal facts : 0
   HermiT export added    : 5
   property closure added : 4
   type closure added     : 0
   top predicates:
      - hasParent                2
      - isDaughterOf             2
      - hasChild                 2
      - hasDaughter              2
   most connected subjects:
      - catherine_elisabeth_brunswick_luneburg 6
      - helvig_of_schauenburg        4
      - magnus_ii_brunswick_luneburg 4
