HermiT reasoned 1 file(s) in 0.7s | 5 asserted + 7 inferred = 12 materialized ABox facts

== summary ==
   asserted rdf:type      : 3
   asserted object facts  : 2
   asserted literal facts : 0
   inferred rdf:type      : 3
   inferred object facts  : 4
   inferred literal facts : 0
   HermiT export added    : 7
   property closure added : 0
   type closure added     : 0
   top predicates:
      - hasChild                 2
      - hasParent                2
      - hasMother                1
      - hasFather                1
   most connected subjects:
      - william_i_elector_of_hesse   5
      - marie_friederike_of_hesse_kassel 4
      - princess_mary_of_great_britain 3
