HermiT reasoned 1 file(s) in 0.6s | 10 asserted + 8 inferred = 18 materialized ABox facts

== summary ==
   asserted rdf:type      : 4
   asserted object facts  : 2
   asserted literal facts : 4
   inferred rdf:type      : 6
   inferred object facts  : 2
   inferred literal facts : 0
   HermiT export added    : 6
   property closure added : 2
   type closure added     : 0
   top predicates:
      - hasDirector              2
      - hasDeathDate             2
      - hasCreator               2
      - hasBirthDate             2
   most connected subjects:
      - film_texas_terrors           5
      - film_song_of_arizona         5
      - person_frank_mcdonald        4
      - person_george_sherman        4
