HermiT reasoned 1 file(s) in 0.7s | 10 asserted + 8 inferred = 18 materialized ABox facts

== summary ==
   asserted rdf:type      : 4
   asserted object facts  : 2
   asserted literal facts : 4
   inferred rdf:type      : 6
   inferred object facts  : 2
   inferred literal facts : 0
   HermiT export added    : 6
   property closure added : 2
   type closure added     : 0
   top predicates:
      - hasBirthDate             2
      - hasDeathDate             2
      - hasCreator               2
      - hasDirector              2
   most connected subjects:
      - film_tigers_shadow_1928      5
      - film_luckiest_girl_1936      5
      - person_edward_buzzell        4
      - person_spencer_gordon_bennet 4
