HermiT reasoned 1 file(s) in 0.4s | 10 asserted + 6 inferred = 16 materialized ABox facts

== summary ==
   asserted rdf:type      : 4
   asserted object facts  : 0
   asserted literal facts : 6
   inferred rdf:type      : 6
   inferred object facts  : 0
   inferred literal facts : 0
   HermiT export added    : 6
   property closure added : 0
   type closure added     : 0
   top predicates:
      - hasBirthDate             2
      - hasPublicationDate       2
      - hasDeathDate             2
   most connected subjects:
      - Charge%20It%20to%20Me        4
      - Danger:%20Diabolik           4
      - Roy%20William%20Neill        4
      - Mario%20Bava                 4
