HermiT reasoned 1 file(s) in 0.4s | 8 asserted + 6 inferred = 14 materialized ABox facts

== summary ==
   asserted rdf:type      : 4
   asserted object facts  : 2
   asserted literal facts : 2
   inferred rdf:type      : 4
   inferred object facts  : 2
   inferred literal facts : 0
   HermiT export added    : 0
   property closure added : 2
   type closure added     : 4
   top predicates:
      - hasDirector              2
      - hasBirthDate             2
      - hasCreator               2
   most connected subjects:
      - Charge%20It%20to%20Me        4
      - Danger:%20Diabolik           4
      - Mario%20Bava                 3
      - Roy%20William%20Neill        3
