HermiT reasoned 1 file(s) in 0.6s | 2 asserted + 7 inferred = 9 materialized ABox facts

== summary ==
   asserted rdf:type      : 0
   asserted object facts  : 2
   asserted literal facts : 0
   inferred rdf:type      : 5
   inferred object facts  : 2
   inferred literal facts : 0
   HermiT export added    : 5
   property closure added : 0
   type closure added     : 2
   top predicates:
      - hasParent                1
      - hasMother                1
      - hasChild                 1
      - hasBurialPlace           1
   most connected subjects:
      - Coretta_Scott_King           4
      - Dexter_Scott_King            4
      - Georgia                      1
