HermiT reasoned 1 file(s) in 0.6s | 4 asserted + 16 inferred = 20 materialized ABox facts

== summary ==
   asserted rdf:type      : 0
   asserted object facts  : 4
   asserted literal facts : 0
   inferred rdf:type      : 12
   inferred object facts  : 4
   inferred literal facts : 0
   HermiT export added    : 5
   property closure added : 4
   type closure added     : 7
   top predicates:
      - hasCreator               2
      - hasDirector              2
      - hasCitizenship           2
      - hasCountry               2
   most connected subjects:
      - Family_Katta                 5
      - Ward_No_7                    5
      - P_Venu                       4
      - Chandrakant_Kulkarni         4
      - India                        2
