HermiT reasoned 1 file(s) in 0.7s | 5 asserted + 8 inferred = 13 materialized ABox facts

== summary ==
   asserted rdf:type      : 3
   asserted object facts  : 2
   asserted literal facts : 0
   inferred rdf:type      : 3
   inferred object facts  : 5
   inferred literal facts : 0
   HermiT export added    : 6
   property closure added : 2
   type closure added     : 0
   top predicates:
      - hasChild                 2
      - hasParent                2
      - hasDaughter              1
      - isDaughterOf             1
      - hasMother                1
   most connected subjects:
      - george_ii_1789               6
      - hermine_1827                 4
      - augusta_schwarzburg_sondershausen 3
