HermiT reasoned 1 file(s) in 0.6s | 7 asserted + 8 inferred = 15 materialized ABox facts

== summary ==
   asserted rdf:type      : 4
   asserted object facts  : 3
   asserted literal facts : 0
   inferred rdf:type      : 5
   inferred object facts  : 3
   inferred literal facts : 0
   HermiT export added    : 5
   property closure added : 3
   type closure added     : 0
   top predicates:
      - hasCountry               2
      - hasNationality           2
      - hasDirector              1
      - hasCreator               1
   most connected subjects:
      - ben_cura                     6
      - creditors_2015_film          5
      - argentina                    2
      - united_kingdom               2
