HermiT reasoned 1 file(s) in 0.7s | 2 asserted + 9 inferred = 11 materialized ABox facts

== summary ==
   asserted rdf:type      : 0
   asserted object facts  : 2
   asserted literal facts : 0
   inferred rdf:type      : 7
   inferred object facts  : 2
   inferred literal facts : 0
   HermiT export added    : 3
   property closure added : 2
   type closure added     : 4
   top predicates:
      - hasDirector              1
      - hasCreator               1
      - hasCitizenship           1
      - hasCountry               1
   most connected subjects:
      - Creditors                    5
      - Ben_Cura                     4
      - Argentine                    2
