HermiT reasoned 1 file(s) in 0.7s | 2 asserted + 9 inferred = 11 materialized ABox facts

== summary ==
   asserted rdf:type      : 0
   asserted object facts  : 2
   asserted literal facts : 0
   inferred rdf:type      : 7
   inferred object facts  : 2
   inferred literal facts : 0
   HermiT export added    : 6
   property closure added : 0
   type closure added     : 3
   top predicates:
      - hasMother                1
      - hasParent                1
      - hasBirthPlace            1
      - hasChild                 1
   most connected subjects:
      - George_Bernhard_of_Anhalt_Dessau 4
      - Landgravine_Amalie_of_Hesse_Homburg 3
      - Princess_Amalie_of_Hesse_Homburg 3
      - Bad_Homburg_vor_der_Höhe     1
