HermiT reasoned 1 file(s) in 0.9s | 5 asserted + 8 inferred = 13 materialized ABox facts

== summary ==
   asserted rdf:type      : 3
   asserted object facts  : 2
   asserted literal facts : 0
   inferred rdf:type      : 3
   inferred object facts  : 5
   inferred literal facts : 0
   HermiT export added    : 6
   property closure added : 2
   type closure added     : 0
   top predicates:
      - hasSibling               2
      - hasChild                 1
      - hasParent                1
      - isSisterOf               1
      - hasMother                1
      - hasSister                1
   most connected subjects:
      - petronilla_of_aquitaine      5
      - eleanor_of_aquitaine         4
      - eleanor_of_vermandois_1148   4
