HermiT reasoned 1 file(s) in 0.8s | 2 asserted + 9 inferred = 11 materialized ABox facts

== summary ==
   asserted rdf:type      : 0
   asserted object facts  : 2
   asserted literal facts : 0
   inferred rdf:type      : 6
   inferred object facts  : 3
   inferred literal facts : 0
   HermiT export added    : 6
   property closure added : 0
   type closure added     : 3
   top predicates:
      - hasSibling               2
      - hasChild                 1
      - hasMother                1
      - hasParent                1
   most connected subjects:
      - Eleanor_of_Vermandois        4
      - Petronilla_of_Aquitaine      4
      - Eleanor_of_Aquitaine         3
