HermiT reasoned 1 file(s) in 0.4s | 7 asserted + 4 inferred = 11 materialized ABox facts

== summary ==
   asserted rdf:type      : 3
   asserted object facts  : 2
   asserted literal facts : 2
   inferred rdf:type      : 3
   inferred object facts  : 1
   inferred literal facts : 0
   HermiT export added    : 3
   property closure added : 1
   type closure added     : 0
   top predicates:
      - hasPerformer             1
      - hasDeathDate             1
      - hasCreator               1
      - hasBirthDate             1
      - hasBurialPlace           1
   most connected subjects:
      - Q7782748                     5
      - Q303                         5
      - Q545360                      1
