HermiT reasoned 1 file(s) in 0.7s | 9 asserted + 11 inferred = 20 materialized ABox facts

== summary ==
   asserted rdf:type      : 5
   asserted object facts  : 4
   asserted literal facts : 0
   inferred rdf:type      : 7
   inferred object facts  : 4
   inferred literal facts : 0
   HermiT export added    : 7
   property closure added : 4
   type closure added     : 0
   top predicates:
      - hasNationality           2
      - hasCountry               2
      - hasDirector              2
      - hasCreator               2
   most connected subjects:
      - this_man_is_mine_1934_film   5
      - ripkin_film                  5
      - frank_arnold                 4
      - john_cromwell                4
      - united_states                2
