HermiT reasoned 1 file(s) in 0.6s | 4 asserted + 18 inferred = 22 materialized ABox facts

== summary ==
   asserted rdf:type      : 0
   asserted object facts  : 4
   asserted literal facts : 0
   inferred rdf:type      : 14
   inferred object facts  : 4
   inferred literal facts : 0
   HermiT export added    : 6
   property closure added : 4
   type closure added     : 8
   top predicates:
      - hasCountry               2
      - hasDirector              2
      - hasCitizenship           2
      - hasCreator               2
   most connected subjects:
      - Ripkin                       5
      - This_Man_Is_Mine_1934_film   5
      - Frank_Arnold                 4
      - John_Cromwell_director       4
      - John_Cromwell                2
      - American                     2
