HermiT reasoned 1 file(s) in 0.7s | 12 asserted + 2 inferred = 14 materialized ABox facts

== summary ==
   asserted rdf:type      : 7
   asserted object facts  : 5
   asserted literal facts : 0
   inferred rdf:type      : 2
   inferred object facts  : 0
   inferred literal facts : 0
   HermiT export added    : 2
   property closure added : 0
   type closure added     : 0
   top predicates:
      - hasOccupation            5
   most connected subjects:
      - amir_hossein_arman           5
      - inbakavi                     4
      - occupation_model             1
      - occupation_poet              1
      - occupation_actor             1
      - occupation_singer            1
      - occupation_dramatist         1
