HermiT reasoned 1 file(s) in 0.7s | 5 asserted + 9 inferred = 14 materialized ABox facts

== summary ==
   asserted rdf:type      : 0
   asserted object facts  : 5
   asserted literal facts : 0
   inferred rdf:type      : 9
   inferred object facts  : 0
   inferred literal facts : 0
   HermiT export added    : 7
   property closure added : 0
   type closure added     : 2
   top predicates:
      - hasOccupation            5
   most connected subjects:
      - Amir_Hossein_Arman           5
      - Inbakavi                     4
      - actor                        1
      - model                        1
      - singer                       1
      - dramatist                    1
      - poet                         1
