HermiT reasoned 1 file(s) in 0.7s | 10 asserted + 12 inferred = 22 materialized ABox facts

== summary ==
   asserted rdf:type      : 6
   asserted object facts  : 4
   asserted literal facts : 0
   inferred rdf:type      : 8
   inferred object facts  : 4
   inferred literal facts : 0
   HermiT export added    : 8
   property closure added : 4
   type closure added     : 0
   top predicates:
      - hasCreator               2
      - hasNationality           2
      - hasDirector              2
      - hasCountry               2
   most connected subjects:
      - film_greencastle             5
      - film_c_man                   5
      - person_joseph_lerner         4
      - person_koran_dunbar          4
      - country_canada               2
      - country_usa                  2
