HermiT reasoned 1 file(s) in 0.7s | 4 asserted + 18 inferred = 22 materialized ABox facts

== summary ==
   asserted rdf:type      : 0
   asserted object facts  : 4
   asserted literal facts : 0
   inferred rdf:type      : 14
   inferred object facts  : 4
   inferred literal facts : 0
   HermiT export added    : 6
   property closure added : 4
   type closure added     : 8
   top predicates:
      - hasCreator               2
      - hasCountry               2
      - hasDirector              2
      - hasCitizenship           2
   most connected subjects:
      - C_Man_film                   5
      - Greencastle_film             5
      - Koran_Dunbar                 4
      - Joseph_Lerner                4
      - American                     2
      - Canadian                     2
