HermiT reasoned 1 file(s) in 0.6s | 3 asserted + 11 inferred = 14 materialized ABox facts

== summary ==
   asserted rdf:type      : 0
   asserted object facts  : 3
   asserted literal facts : 0
   inferred rdf:type      : 8
   inferred object facts  : 3
   inferred literal facts : 0
   HermiT export added    : 5
   property closure added : 3
   type closure added     : 3
   top predicates:
      - hasCountryOfOrigin       3
      - hasCountry               3
   most connected subjects:
      - Starter_for_10_film          5
      - The_Urethra_Chronicles       3
      - British                      2
      - American                     2
      - US                           2
