HermiT reasoned 1 file(s) in 0.7s | 7 asserted + 3 inferred = 10 materialized ABox facts

== summary ==
   asserted rdf:type      : 4
   asserted object facts  : 3
   asserted literal facts : 0
   inferred rdf:type      : 2
   inferred object facts  : 1
   inferred literal facts : 0
   HermiT export added    : 2
   property closure added : 1
   type closure added     : 0
   top predicates:
      - hasAwardReceived         2
      - hasPerformer             1
      - hasCreator               1
   most connected subjects:
      - song_maana_ke_hum_yaar_nahin_2017 4
      - person_parineeti_chopra      4
      - award_national_film          1
      - award_filmfare               1
