HermiT reasoned 1 file(s) in 0.6s | 9 asserted + 8 inferred = 17 materialized ABox facts

== summary ==
   asserted rdf:type      : 4
   asserted object facts  : 2
   asserted literal facts : 3
   inferred rdf:type      : 6
   inferred object facts  : 2
   inferred literal facts : 0
   HermiT export added    : 6
   property closure added : 2
   type closure added     : 0
   top predicates:
      - hasBirthDate             2
      - hasDirector              2
      - hasCreator               2
      - hasDeathDate             1
   most connected subjects:
      - the_third_miracle_1999       5
      - talking_feet_1937            5
      - john_baxter_1896             4
      - agnieszka_holland_1948       3
