HermiT reasoned 1 file(s) in 0.6s | 4 asserted + 14 inferred = 18 materialized ABox facts

== summary ==
   asserted rdf:type      : 0
   asserted object facts  : 2
   asserted literal facts : 2
   inferred rdf:type      : 12
   inferred object facts  : 2
   inferred literal facts : 0
   HermiT export added    : 5
   property closure added : 2
   type closure added     : 7
   top predicates:
      - hasCreator               2
      - hasBirthDate             2
      - hasDirector              2
   most connected subjects:
      - Talking_Feet                 5
      - The_Third_Miracle            5
      - John_Baxter_director         3
      - Agnieszka_Holland            3
      - John_Baxter                  2
