HermiT reasoned 1 file(s) in 0.7s | 9 asserted + 11 inferred = 20 materialized ABox facts

== summary ==
   asserted rdf:type      : 5
   asserted object facts  : 4
   asserted literal facts : 0
   inferred rdf:type      : 7
   inferred object facts  : 4
   inferred literal facts : 0
   HermiT export added    : 7
   property closure added : 4
   type closure added     : 0
   top predicates:
      - hasDirector              2
      - hasCountry               2
      - hasCreator               2
      - hasNationality           2
   most connected subjects:
      - film_blockade_1938           5
      - film_woman_in_the_river_1939 5
      - person_william_dieterle      4
      - person_gerhard_lamprecht     4
      - country_germany              2
