HermiT reasoned 1 file(s) in 0.7s | 5 asserted + 19 inferred = 24 materialized ABox facts

== summary ==
   asserted rdf:type      : 0
   asserted object facts  : 5
   asserted literal facts : 0
   inferred rdf:type      : 14
   inferred object facts  : 5
   inferred literal facts : 0
   HermiT export added    : 6
   property closure added : 5
   type closure added     : 8
   top predicates:
      - hasCountry               3
      - hasCitizenship           3
      - hasCreator               2
      - hasDirector              2
   most connected subjects:
      - William_Dieterle             6
      - Woman_in_the_River           5
      - Blockade_1938_film           5
      - Gerhard_Lamprecht            4
      - German                       2
      - American                     2
