HermiT reasoned 1 file(s) in 0.7s | 5 asserted + 7 inferred = 12 materialized ABox facts

== summary ==
   asserted rdf:type      : 3
   asserted object facts  : 2
   asserted literal facts : 0
   inferred rdf:type      : 3
   inferred object facts  : 4
   inferred literal facts : 0
   HermiT export added    : 7
   property closure added : 0
   type closure added     : 0
   top predicates:
      - hasParent                2
      - hasChild                 2
      - hasMother                1
      - hasFather                1
   most connected subjects:
      - mary_of_burgundy             5
      - marie_of_cleves              4
      - john_the_fearless            3
