HermiT reasoned 1 file(s) in 0.7s | 2 asserted + 12 inferred = 14 materialized ABox facts

== summary ==
   asserted rdf:type      : 0
   asserted object facts  : 2
   asserted literal facts : 0
   inferred rdf:type      : 8
   inferred object facts  : 4
   inferred literal facts : 0
   HermiT export added    : 8
   property closure added : 0
   type closure added     : 4
   top predicates:
      - hasParent                2
      - hasChild                 2
      - hasFather                1
      - hasMother                1
   most connected subjects:
      - Mary_of_Burgundy_Duchess_of_Cleves 4
      - Marie_of_Cleves_Duchess_of_Orléans 4
      - Marie_of_Burgundy            3
      - John_the_Fearless            3
