HermiT reasoned 1 file(s) in 0.7s | 5 asserted + 6 inferred = 11 materialized ABox facts

== summary ==
   asserted rdf:type      : 3
   asserted object facts  : 2
   asserted literal facts : 0
   inferred rdf:type      : 4
   inferred object facts  : 2
   inferred literal facts : 0
   HermiT export added    : 6
   property closure added : 0
   type closure added     : 0
   top predicates:
      - hasEducatedAt            1
      - hasChild                 1
      - hasParent                1
      - hasFather                1
   most connected subjects:
      - herbert_henry_dow            5
      - case_school_of_applied_science 3
      - alden_b_dow                  3
