HermiT reasoned 1 file(s) in 0.6s | 2 asserted + 9 inferred = 11 materialized ABox facts

== summary ==
   asserted rdf:type      : 0
   asserted object facts  : 2
   asserted literal facts : 0
   inferred rdf:type      : 7
   inferred object facts  : 2
   inferred literal facts : 0
   HermiT export added    : 5
   property closure added : 0
   type closure added     : 4
   top predicates:
      - hasParent                1
      - hasFather                1
      - hasEducatedAt            1
      - hasChild                 1
   most connected subjects:
      - Alden_B_Dow                  4
      - Herbert_Henry_Dow            4
      - Case                         3
