HermiT reasoned 1 file(s) in 0.8s | 5 asserted + 5 inferred = 10 materialized ABox facts

== summary ==
   asserted rdf:type      : 3
   asserted object facts  : 2
   asserted literal facts : 0
   inferred rdf:type      : 2
   inferred object facts  : 3
   inferred literal facts : 0
   HermiT export added    : 3
   property closure added : 2
   type closure added     : 0
   top predicates:
      - hasSon                   1
      - hasBirthPlace            1
      - isSonOf                  1
      - hasChild                 1
      - hasParent                1
   most connected subjects:
      - hubert_humphrey_jr           5
      - skip_humphrey                4
      - wallace_south_dakota         1
