HermiT reasoned 1 file(s) in 0.4s | 2 asserted + 7 inferred = 9 materialized ABox facts

== summary ==
   asserted rdf:type      : 0
   asserted object facts  : 2
   asserted literal facts : 0
   inferred rdf:type      : 5
   inferred object facts  : 2
   inferred literal facts : 0
   HermiT export added    : 5
   property closure added : 0
   type closure added     : 2
   top predicates:
      - hasChild                 1
      - hasMother                1
      - hasParent                1
      - hasBirthPlace            1
   most connected subjects:
      - Lola_Flores                  4
      - Antonio_González_Flores      4
      - Jerez_de_la_Frontera         1
