HermiT reasoned 1 file(s) in 0.7s | 2 asserted + 7 inferred = 9 materialized ABox facts

== summary ==
   asserted rdf:type      : 0
   asserted object facts  : 2
   asserted literal facts : 0
   inferred rdf:type      : 5
   inferred object facts  : 2
   inferred literal facts : 0
   HermiT export added    : 5
   property closure added : 0
   type closure added     : 2
   top predicates:
      - hasChild                 1
      - hasFather                1
      - hasParent                1
      - hasBurialPlace           1
   most connected subjects:
      - Jacques_Victor_Henry_Prince_Royal_of_Haiti 4
      - Henri_Christophe             4
      - Citadelle_Laferrière         1
