HermiT reasoned 1 file(s) in 0.7s | 2 asserted + 9 inferred = 11 materialized ABox facts

== summary ==
   asserted rdf:type      : 0
   asserted object facts  : 2
   asserted literal facts : 0
   inferred rdf:type      : 7
   inferred object facts  : 2
   inferred literal facts : 0
   HermiT export added    : 4
   property closure added : 1
   type closure added     : 4
   top predicates:
      - hasParent                1
      - hasDirector              1
      - hasCreator               1
      - hasChild                 1
   most connected subjects:
      - His_Royal_Highness           5
      - F_W_Thring                   3
      - Francis_William_Thring       3
