HermiT reasoned 1 file(s) in 0.5s | 4 asserted + 18 inferred = 22 materialized ABox facts

== summary ==
   asserted rdf:type      : 0
   asserted object facts  : 4
   asserted literal facts : 0
   inferred rdf:type      : 14
   inferred object facts  : 4
   inferred literal facts : 0
   HermiT export added    : 6
   property closure added : 4
   type closure added     : 8
   top predicates:
      - hasCitizenship           2
      - hasCreator               2
      - hasCountry               2
      - hasDirector              2
   most connected subjects:
      - Kalloori_Vaasal              5
      - Lakshmi_s_NTR                5
      - Ram_Gopal_Varma              4
      - Pavithran_Tamil_film_director 4
      - Indian                       2
      - Pavithran                    2
