HermiT reasoned 1 file(s) in 0.7s | 7 asserted + 4 inferred = 11 materialized ABox facts

== summary ==
   asserted rdf:type      : 4
   asserted object facts  : 3
   asserted literal facts : 0
   inferred rdf:type      : 3
   inferred object facts  : 1
   inferred literal facts : 0
   HermiT export added    : 3
   property closure added : 1
   type closure added     : 0
   top predicates:
      - hasAwardReceived         2
      - hasCreator               1
      - hasDirector              1
   most connected subjects:
      - manoranjan_film              5
      - shammi_kapoor                4
      - filmfare_best_actor_award_1968 1
      - filmfare_best_supporting_actor_award_1982 1
