HermiT reasoned 1 file(s) in 0.4s | 7 asserted + 8 inferred = 15 materialized ABox facts

== summary ==
   asserted rdf:type      : 4
   asserted object facts  : 3
   asserted literal facts : 0
   inferred rdf:type      : 5
   inferred object facts  : 3
   inferred literal facts : 0
   HermiT export added    : 5
   property closure added : 3
   type closure added     : 0
   top predicates:
      - hasNationality           2
      - hasCountry               2
      - hasDirector              1
      - hasCreator               1
   most connected subjects:
      - person_sherry_hormann        6
      - film_3096_days               5
      - country_germany              2
      - country_united_states        2
