HermiT reasoned 1 file(s) in 0.6s | 5 asserted + 7 inferred = 12 materialized ABox facts

== summary ==
   asserted rdf:type      : 3
   asserted object facts  : 2
   asserted literal facts : 0
   inferred rdf:type      : 3
   inferred object facts  : 4
   inferred literal facts : 0
   HermiT export added    : 4
   property closure added : 3
   type closure added     : 0
   top predicates:
      - hasSon                   1
      - isSonOf                  1
      - hasCountry               1
      - hasParent                1
      - hasChild                 1
      - hasNationality           1
   most connected subjects:
      - louis_jean_marie_de_bourbon  6
      - louis_alexandre_prince_of_lamballe 4
      - france                       2
