HermiT reasoned 1 file(s) in 0.6s | 5 asserted + 5 inferred = 10 materialized ABox facts

== summary ==
   asserted rdf:type      : 3
   asserted object facts  : 2
   asserted literal facts : 0
   inferred rdf:type      : 3
   inferred object facts  : 2
   inferred literal facts : 0
   HermiT export added    : 5
   property closure added : 0
   type closure added     : 0
   top predicates:
      - hasParent                1
      - hasCountry               1
      - hasChild                 1
      - hasMother                1
   most connected subjects:
      - louise_marie_therese_artois_1819 4
      - caroline_of_naples_and_sicily 4
      - naples_and_sicily            2
