HermiT reasoned 1 file(s) in 0.6s | 2 asserted + 11 inferred = 13 materialized ABox facts

== summary ==
   asserted rdf:type      : 0
   asserted object facts  : 2
   asserted literal facts : 0
   inferred rdf:type      : 8
   inferred object facts  : 3
   inferred literal facts : 0
   HermiT export added    : 6
   property closure added : 1
   type closure added     : 4
   top predicates:
      - hasCountry               1
      - hasMother                1
      - hasParent                1
      - hasCitizenship           1
      - hasChild                 1
   most connected subjects:
      - Marie_Caroline_de_Bourbon_Sicile_duchesse_de_Berry 4
      - Louise_Marie_Thérèse_d_Artois 4
      - Princess_Caroline_of_Naples_and_Sicily 3
      - Italian                      2
