HermiT reasoned 1 file(s) in 0.6s | 6 asserted + 6 inferred = 12 materialized ABox facts

== summary ==
   asserted rdf:type      : 3
   asserted object facts  : 2
   asserted literal facts : 1
   inferred rdf:type      : 3
   inferred object facts  : 3
   inferred literal facts : 0
   HermiT export added    : 6
   property closure added : 0
   type closure added     : 0
   top predicates:
      - hasSpouse                2
      - hasDeathDate             1
      - hasChild                 1
      - hasMother                1
      - hasParent                1
   most connected subjects:
      - chilperic_i                  5
      - fredegund                    4
      - aregumd                      3
