HermiT reasoned 1 file(s) in 0.7s | 2 asserted + 12 inferred = 14 materialized ABox facts

== summary ==
   asserted rdf:type      : 0
   asserted object facts  : 2
   asserted literal facts : 0
   inferred rdf:type      : 8
   inferred object facts  : 4
   inferred literal facts : 0
   HermiT export added    : 8
   property closure added : 0
   type closure added     : 4
   top predicates:
      - hasChild                 2
      - hasParent                2
      - hasFather                1
      - hasMother                1
   most connected subjects:
      - Louisa_Jane_Montagu_Douglas_Scott_Duchess_of_Buccleuch 4
      - Herbert_Andrew_Montagu_Douglas_Scott 4
      - Louisa_Jane_Hamilton         3
      - James_Hamilton               3
