HermiT reasoned 1 file(s) in 0.4s | 2 asserted + 9 inferred = 11 materialized ABox facts

== summary ==
   asserted rdf:type      : 0
   asserted object facts  : 2
   asserted literal facts : 0
   inferred rdf:type      : 6
   inferred object facts  : 3
   inferred literal facts : 0
   HermiT export added    : 6
   property closure added : 0
   type closure added     : 3
   top predicates:
      - hasSpouse                2
      - hasChild                 1
      - hasMother                1
      - hasParent                1
   most connected subjects:
      - Thomas_Stafford_3rd_Earl_of_Stafford 4
      - Philippa_de_Beauchamp        4
      - Hugh_de_Stafford_2nd_Earl_of_Stafford 3
