HermiT reasoned 1 file(s) in 0.4s | 5 asserted + 6 inferred = 11 materialized ABox facts

== summary ==
   asserted rdf:type      : 3
   asserted object facts  : 2
   asserted literal facts : 0
   inferred rdf:type      : 4
   inferred object facts  : 2
   inferred literal facts : 0
   HermiT export added    : 4
   property closure added : 2
   type closure added     : 0
   top predicates:
      - hasNationality           1
      - hasCreator               1
      - hasDirector              1
      - hasCountry               1
   most connected subjects:
      - mission_impossible_2         5
      - john_woo                     4
      - hong_kong                    2
