HermiT reasoned 1 file(s) in 0.4s | 2 asserted + 9 inferred = 11 materialized ABox facts

== summary ==
   asserted rdf:type      : 0
   asserted object facts  : 2
   asserted literal facts : 0
   inferred rdf:type      : 7
   inferred object facts  : 2
   inferred literal facts : 0
   HermiT export added    : 3
   property closure added : 2
   type closure added     : 4
   top predicates:
      - hasCreator               1
      - hasDirector              1
      - hasCitizenship           1
      - hasCountry               1
   most connected subjects:
      - Mission_Impossible_2         5
      - John_Woo                     4
      - Hong_Kong                    2
