HermiT reasoned 1 file(s) in 0.7s | 2 asserted + 11 inferred = 13 materialized ABox facts

== summary ==
   asserted rdf:type      : 0
   asserted object facts  : 2
   asserted literal facts : 0
   inferred rdf:type      : 8
   inferred object facts  : 3
   inferred literal facts : 0
   HermiT export added    : 7
   property closure added : 0
   type closure added     : 4
   top predicates:
      - hasSpouse                2
      - hasParent                1
      - hasMother                1
      - hasChild                 1
   most connected subjects:
      - Drogo_of_Champagne           4
      - Pepin_of_Herstal             3
      - Plectrudis                   3
      - Plectrude                    3
