HermiT reasoned 1 file(s) in 0.7s | 5 asserted + 5 inferred = 10 materialized ABox facts

== summary ==
   asserted rdf:type      : 3
   asserted object facts  : 2
   asserted literal facts : 0
   inferred rdf:type      : 3
   inferred object facts  : 2
   inferred literal facts : 0
   HermiT export added    : 3
   property closure added : 2
   type closure added     : 0
   top predicates:
      - hasNationality           1
      - hasCountry               1
      - hasComposer              1
      - hasCreator               1
   most connected subjects:
      - diane_warren                 4
      - cry_over_me                  4
      - united_states                2
