HermiT reasoned 1 file(s) in 0.7s | 5 asserted + 5 inferred = 10 materialized ABox facts

== summary ==
   asserted rdf:type      : 3
   asserted object facts  : 2
   asserted literal facts : 0
   inferred rdf:type      : 3
   inferred object facts  : 2
   inferred literal facts : 0
   HermiT export added    : 4
   property closure added : 1
   type closure added     : 0
   top predicates:
      - hasCreator               1
      - hasChild                 1
      - hasParent                1
      - hasPerformer             1
   most connected subjects:
      - saga_africa                  4
      - joakim_noah                  3
      - yannick_noah                 3
