HermiT reasoned 1 file(s) in 0.6s | 2 asserted + 8 inferred = 10 materialized ABox facts

== summary ==
   asserted rdf:type      : 0
   asserted object facts  : 2
   asserted literal facts : 0
   inferred rdf:type      : 6
   inferred object facts  : 2
   inferred literal facts : 0
   HermiT export added    : 3
   property closure added : 2
   type closure added     : 3
   top predicates:
      - hasPerformer             1
      - hasCitizenship           1
      - hasCreator               1
      - hasCountry               1
   most connected subjects:
      - When_You_re_Smiling          4
      - Louis_Armstrong              4
      - America                      2
