HermiT reasoned 1 file(s) in 0.4s | 6 asserted + 5 inferred = 11 materialized ABox facts

== summary ==
   asserted rdf:type      : 3
   asserted object facts  : 1
   asserted literal facts : 2
   inferred rdf:type      : 4
   inferred object facts  : 1
   inferred literal facts : 0
   HermiT export added    : 4
   property closure added : 1
   type closure added     : 0
   top predicates:
      - hasBirthDate             1
      - hasCitizenship           1
      - hasPublicationDate       1
      - hasCountry               1
   most connected subjects:
      - Q633                         5
      - Q7557270                     4
      - Q16                          2
