HermiT reasoned 1 file(s) in 0.3s | 6 asserted + 4 inferred = 10 materialized ABox facts

== summary ==
   asserted rdf:type      : 4
   asserted object facts  : 2
   asserted literal facts : 0
   inferred rdf:type      : 2
   inferred object facts  : 2
   inferred literal facts : 0
   HermiT export added    : 0
   property closure added : 2
   type closure added     : 2
   top predicates:
      - hasPerformer             1
      - hasCitizenship           1
      - hasCountry               1
      - hasCreator               1
   most connected subjects:
      - Q633                         4
      - Q7557270                     4
      - Q16                          2
