HermiT reasoned 1 file(s) in 0.6s | 5 asserted + 6 inferred = 11 materialized ABox facts

== summary ==
   asserted rdf:type      : 3
   asserted object facts  : 2
   asserted literal facts : 0
   inferred rdf:type      : 3
   inferred object facts  : 3
   inferred literal facts : 0
   HermiT export added    : 5
   property closure added : 1
   type closure added     : 0
   top predicates:
      - hasCountry               1
      - hasNationality           1
      - hasParent                1
      - hasChild                 1
      - hasMother                1
   most connected subjects:
      - bona_sforza                  5
      - sigismund_ii_augustus        4
      - italy                        2
