HermiT reasoned 1 file(s) in 0.7s | 7 asserted + 7 inferred = 14 materialized ABox facts

== summary ==
   asserted rdf:type      : 4
   asserted object facts  : 3
   asserted literal facts : 0
   inferred rdf:type      : 4
   inferred object facts  : 3
   inferred literal facts : 0
   HermiT export added    : 7
   property closure added : 0
   type closure added     : 0
   top predicates:
      - hasSpouse                4
      - hasChild                 1
      - hasParent                1
   most connected subjects:
      - jan_nepomucen_potocki        5
      - roza_maria_wodzicka          3
      - maria_szajer                 3
      - stanislaw_antoni_potocki     3
